Type-safe project accessors is an incubating feature.
> Task :api:kmpPartiallyResolvedDependenciesChecker
> Task :api:checkKotlinGradlePluginConfigurationErrors SKIPPED
> Task :api:installProtocGenKt UP-TO-DATE
> Task :api:generateProto UP-TO-DATE
> Task :api:compileKotlinJvm UP-TO-DATE
> Task :api:compileJvmMainJava NO-SOURCE
> Task :api:jvmProcessResources NO-SOURCE
> Task :api:processJvmMainResources SKIPPED
> Task :api:jvmMainClasses UP-TO-DATE
> Task :api:jvmJar UP-TO-DATE
> Task :connector:kmpPartiallyResolvedDependenciesChecker
> Task :connector:checkKotlinGradlePluginConfigurationErrors SKIPPED
> Task :observability-api:kmpPartiallyResolvedDependenciesChecker
> Task :observability-api:checkKotlinGradlePluginConfigurationErrors SKIPPED
> Task :observability-api:generateMonitoringVersion UP-TO-DATE
> Task :observability-api:compileKotlinJvm UP-TO-DATE
> Task :observability-api:compileJvmMainJava NO-SOURCE
> Task :observability-api:jvmProcessResources NO-SOURCE
> Task :observability-api:processJvmMainResources SKIPPED
> Task :observability-api:jvmMainClasses UP-TO-DATE
> Task :observability-api:jvmJar UP-TO-DATE
> Task :connector:jvmProcessResources NO-SOURCE
> Task :connector:processJvmMainResources SKIPPED
> Task :server:checkKotlinGradlePluginConfigurationErrors SKIPPED
> Task :sharding-core:checkKotlinGradlePluginConfigurationErrors SKIPPED
> Task :sharding-core:compileKotlin UP-TO-DATE
> Task :sharding-core:compileJava NO-SOURCE
> Task :sharding-core:processResources NO-SOURCE
> Task :sharding-core:classes UP-TO-DATE
> Task :sharding-core:jar UP-TO-DATE
> Task :server:kspKotlin UP-TO-DATE
> Task :server:compileKotlin UP-TO-DATE
> Task :server:compileJava NO-SOURCE
> Task :server:processResources NO-SOURCE
> Task :server:classes UP-TO-DATE
> Task :server:jar UP-TO-DATE
> Task :server:test:checkKotlinGradlePluginConfigurationErrors SKIPPED
> Task :server:test:compileKotlin UP-TO-DATE
> Task :server:test:compileJava NO-SOURCE
> Task :server:test:processResources NO-SOURCE
> Task :server:test:classes UP-TO-DATE
> Task :server:test:jar UP-TO-DATE
> Task :connector:jvmTestProcessResources NO-SOURCE
> Task :connector:processJvmTestResources SKIPPED
> Task :connector:compileKotlinJvm
> Task :connector:compileJvmMainJava NO-SOURCE
> Task :connector:jvmMainClasses
> Task :connector:jvmJar

> Task :connector:compileTestKotlinJvm
[KOTLIN] [IC] Incremental compilation was attempted but failed:
    Failed to compute files to recompile: java.lang.IllegalStateException: The following FqNames can't be derived from DirtyData.dirtyLookupSymbols: com.latenighthack.lockers.room.v1.SubscribeAndSnapshotResponse.
DirtyData = DirtyData(dirtyLookupSymbols=[LookupSymbol(name=Companion, scope=com.latenighthack.lockers.room.v1.SubscribeAndSnapshotResponse), LookupSymbol(name=AuthorityWriteRepair, scope=com.latenighthack.lockers.connector.LockerClient), LookupSymbol(name=NAME, scope=com.latenighthack.lockers.room.v1.SubscribeAndSnapshotResponse.Companion), LookupSymbol(name=<SAM-CONSTRUCTOR>, scope=com.latenighthack.lockers.room.v1.SubscribeAndSnapshotResponse.Companion), LookupSymbol(name=SubscriptionIntentRevisionDefinitionV1, scope=com.latenighthack.lockers.connector), LookupSymbol(name=<SAM-CONSTRUCTOR>, scope=com.latenighthack.lockers.connector.LockerClient), LookupSymbol(name=<SAM-CONSTRUCTOR>, scope=com.latenighthack.lockers.room.v1.SubscribeAndSnapshotResponse), LookupSymbol(name=LockerClient, scope=com.latenighthack.lockers.connector)], dirtyClassesFqNames=[com.latenighthack.lockers.room.v1.SubscribeAndSnapshotResponse, com.latenighthack.lockers.connector.LockerClient, com.latenighthack.lockers.room.v1.SubscribeAndSnapshotResponse.Companion, com.latenighthack.lockers.connector.SubscriptionIntentRevisionDefinitionV1], dirtyClassesFqNamesForceRecompile=[])
	at org.jetbrains.kotlin.incremental.classpathDiff.ClasspathChangesComputer.toProgramSymbols(ClasspathChangesComputer.kt:364)
	at org.jetbrains.kotlin.incremental.classpathDiff.ClasspathChangesComputer.computeFineGrainedKotlinClassChanges(ClasspathChangesComputer.kt:264)
	at org.jetbrains.kotlin.incremental.classpathDiff.ClasspathChangesComputer.computeKotlinClassChanges(ClasspathChangesComputer.kt:164)
	at org.jetbrains.kotlin.incremental.classpathDiff.ClasspathChangesComputer.computeClassChanges(ClasspathChangesComputer.kt:137)
	at org.jetbrains.kotlin.incremental.classpathDiff.ClasspathChangesComputer.computeChangedAndImpactedSet(ClasspathChangesComputer.kt:87)
	at org.jetbrains.kotlin.incremental.classpathDiff.ClasspathChangesComputer.computeClasspathChanges(ClasspathChangesComputer.kt:55)
	at org.jetbrains.kotlin.incremental.dirtyFiles.ClasspathSnapshotBasedImpactDeterminer.determineChangedAndImpactedSymbols(ClasspathSnapshotBasedImpactDeterminer.kt:42)
	at org.jetbrains.kotlin.incremental.dirtyFiles.JvmSourcesToCompileCalculator.calculateSourcesToCompileImpl(JvmSourcesToCompileCalculator.kt:41)
	at org.jetbrains.kotlin.incremental.dirtyFiles.JvmSourcesToCompileCalculator.calculateWithClasspathSnapshot(JvmSourcesToCompileCalculator.kt:97)
	at org.jetbrains.kotlin.incremental.IncrementalJvmCompilerRunner.calculateSourcesToCompile(IncrementalJvmCompilerRunner.kt:60)
	at org.jetbrains.kotlin.incremental.IncrementalJvmCompilerRunner.calculateSourcesToCompile(IncrementalJvmCompilerRunner.kt:23)
	at org.jetbrains.kotlin.incremental.IncrementalCompilerRunner.tryCompileIncrementally$lambda$0$compile(IncrementalCompilerRunner.kt:225)
	at org.jetbrains.kotlin.incremental.IncrementalCompilerRunner.tryCompileIncrementally(IncrementalCompilerRunner.kt:267)
	at org.jetbrains.kotlin.incremental.IncrementalCompilerRunner.compile(IncrementalCompilerRunner.kt:119)
	at org.jetbrains.kotlin.daemon.CompileServiceImplBase.execIncrementalCompiler(CompileServiceImpl.kt:684)
	at org.jetbrains.kotlin.daemon.CompileServiceImplBase.access$execIncrementalCompiler(CompileServiceImpl.kt:94)
	at org.jetbrains.kotlin.daemon.CompileServiceImpl.compile(CompileServiceImpl.kt:1810)
	at jdk.internal.reflect.GeneratedMethodAccessor12.invoke(Unknown Source)
	at java.base/jdk.internal.reflect.DelegatingMethodAccessorImpl.invoke(DelegatingMethodAccessorImpl.java:43)
	at java.base/java.lang.reflect.Method.invoke(Method.java:569)
	at java.rmi/sun.rmi.server.UnicastServerRef.dispatch(UnicastServerRef.java:360)
	at java.rmi/sun.rmi.transport.Transport$1.run(Transport.java:200)
	at java.rmi/sun.rmi.transport.Transport$1.run(Transport.java:197)
	at java.base/java.security.AccessController.doPrivileged(AccessController.java:712)
	at java.rmi/sun.rmi.transport.Transport.serviceCall(Transport.java:196)
	at java.rmi/sun.rmi.transport.tcp.TCPTransport.handleMessages(TCPTransport.java:587)
	at java.rmi/sun.rmi.transport.tcp.TCPTransport$ConnectionHandler.run0(TCPTransport.java:828)
	at java.rmi/sun.rmi.transport.tcp.TCPTransport$ConnectionHandler.lambda$run$0(TCPTransport.java:705)
	at java.base/java.security.AccessController.doPrivileged(AccessController.java:399)
	at java.rmi/sun.rmi.transport.tcp.TCPTransport$ConnectionHandler.run(TCPTransport.java:704)
	at java.base/java.util.concurrent.ThreadPoolExecutor.runWorker(ThreadPoolExecutor.java:1136)
	at java.base/java.util.concurrent.ThreadPoolExecutor$Worker.run(ThreadPoolExecutor.java:635)
	at java.base/java.lang.Thread.run(Thread.java:840)
    Falling back to non-incremental compilation (reason = IC_FAILED_TO_COMPUTE_FILES_TO_RECOMPILE)
    To help us fix this issue, please file a bug at https://youtrack.jetbrains.com/issues/KT with the above stack trace.
    (Be sure to search for the above exception in existing issues first to avoid filing duplicated bugs.)             
e: Incremental compilation failed: The following FqNames can't be derived from DirtyData.dirtyLookupSymbols: com.latenighthack.lockers.room.v1.SubscribeAndSnapshotResponse.
DirtyData = DirtyData(dirtyLookupSymbols=[LookupSymbol(name=Companion, scope=com.latenighthack.lockers.room.v1.SubscribeAndSnapshotResponse), LookupSymbol(name=AuthorityWriteRepair, scope=com.latenighthack.lockers.connector.LockerClient), LookupSymbol(name=NAME, scope=com.latenighthack.lockers.room.v1.SubscribeAndSnapshotResponse.Companion), LookupSymbol(name=<SAM-CONSTRUCTOR>, scope=com.latenighthack.lockers.room.v1.SubscribeAndSnapshotResponse.Companion), LookupSymbol(name=SubscriptionIntentRevisionDefinitionV1, scope=com.latenighthack.lockers.connector), LookupSymbol(name=<SAM-CONSTRUCTOR>, scope=com.latenighthack.lockers.connector.LockerClient), LookupSymbol(name=<SAM-CONSTRUCTOR>, scope=com.latenighthack.lockers.room.v1.SubscribeAndSnapshotResponse), LookupSymbol(name=LockerClient, scope=com.latenighthack.lockers.connector)], dirtyClassesFqNames=[com.latenighthack.lockers.room.v1.SubscribeAndSnapshotResponse, com.latenighthack.lockers.connector.LockerClient, com.latenighthack.lockers.room.v1.SubscribeAndSnapshotResponse.Companion, com.latenighthack.lockers.connector.SubscriptionIntentRevisionDefinitionV1], dirtyClassesFqNamesForceRecompile=[])
java.lang.IllegalStateException: The following FqNames can't be derived from DirtyData.dirtyLookupSymbols: com.latenighthack.lockers.room.v1.SubscribeAndSnapshotResponse.
DirtyData = DirtyData(dirtyLookupSymbols=[LookupSymbol(name=Companion, scope=com.latenighthack.lockers.room.v1.SubscribeAndSnapshotResponse), LookupSymbol(name=AuthorityWriteRepair, scope=com.latenighthack.lockers.connector.LockerClient), LookupSymbol(name=NAME, scope=com.latenighthack.lockers.room.v1.SubscribeAndSnapshotResponse.Companion), LookupSymbol(name=<SAM-CONSTRUCTOR>, scope=com.latenighthack.lockers.room.v1.SubscribeAndSnapshotResponse.Companion), LookupSymbol(name=SubscriptionIntentRevisionDefinitionV1, scope=com.latenighthack.lockers.connector), LookupSymbol(name=<SAM-CONSTRUCTOR>, scope=com.latenighthack.lockers.connector.LockerClient), LookupSymbol(name=<SAM-CONSTRUCTOR>, scope=com.latenighthack.lockers.room.v1.SubscribeAndSnapshotResponse), LookupSymbol(name=LockerClient, scope=com.latenighthack.lockers.connector)], dirtyClassesFqNames=[com.latenighthack.lockers.room.v1.SubscribeAndSnapshotResponse, com.latenighthack.lockers.connector.LockerClient, com.latenighthack.lockers.room.v1.SubscribeAndSnapshotResponse.Companion, com.latenighthack.lockers.connector.SubscriptionIntentRevisionDefinitionV1], dirtyClassesFqNamesForceRecompile=[])
	at org.jetbrains.kotlin.incremental.classpathDiff.ClasspathChangesComputer.toProgramSymbols(ClasspathChangesComputer.kt:364)
	at org.jetbrains.kotlin.incremental.classpathDiff.ClasspathChangesComputer.computeFineGrainedKotlinClassChanges(ClasspathChangesComputer.kt:264)
	at org.jetbrains.kotlin.incremental.classpathDiff.ClasspathChangesComputer.computeKotlinClassChanges(ClasspathChangesComputer.kt:164)
	at org.jetbrains.kotlin.incremental.classpathDiff.ClasspathChangesComputer.computeClassChanges(ClasspathChangesComputer.kt:137)
	at org.jetbrains.kotlin.incremental.classpathDiff.ClasspathChangesComputer.computeChangedAndImpactedSet(ClasspathChangesComputer.kt:87)
	at org.jetbrains.kotlin.incremental.classpathDiff.ClasspathChangesComputer.computeClasspathChanges(ClasspathChangesComputer.kt:55)
	at org.jetbrains.kotlin.incremental.dirtyFiles.ClasspathSnapshotBasedImpactDeterminer.determineChangedAndImpactedSymbols(ClasspathSnapshotBasedImpactDeterminer.kt:42)
	at org.jetbrains.kotlin.incremental.dirtyFiles.JvmSourcesToCompileCalculator.calculateSourcesToCompileImpl(JvmSourcesToCompileCalculator.kt:41)
	at org.jetbrains.kotlin.incremental.dirtyFiles.JvmSourcesToCompileCalculator.calculateWithClasspathSnapshot(JvmSourcesToCompileCalculator.kt:97)
	at org.jetbrains.kotlin.incremental.IncrementalJvmCompilerRunner.calculateSourcesToCompile(IncrementalJvmCompilerRunner.kt:60)
	at org.jetbrains.kotlin.incremental.IncrementalJvmCompilerRunner.calculateSourcesToCompile(IncrementalJvmCompilerRunner.kt:23)
	at org.jetbrains.kotlin.incremental.IncrementalCompilerRunner.tryCompileIncrementally$lambda$0$compile(IncrementalCompilerRunner.kt:225)
	at org.jetbrains.kotlin.incremental.IncrementalCompilerRunner.tryCompileIncrementally(IncrementalCompilerRunner.kt:267)
	at org.jetbrains.kotlin.incremental.IncrementalCompilerRunner.compile(IncrementalCompilerRunner.kt:119)
	at org.jetbrains.kotlin.daemon.CompileServiceImplBase.execIncrementalCompiler(CompileServiceImpl.kt:684)
	at org.jetbrains.kotlin.daemon.CompileServiceImplBase.access$execIncrementalCompiler(CompileServiceImpl.kt:94)
	at org.jetbrains.kotlin.daemon.CompileServiceImpl.compile(CompileServiceImpl.kt:1810)
	at jdk.internal.reflect.GeneratedMethodAccessor12.invoke(Unknown Source)
	at java.base/jdk.internal.reflect.DelegatingMethodAccessorImpl.invoke(DelegatingMethodAccessorImpl.java:43)
	at java.base/java.lang.reflect.Method.invoke(Method.java:569)
	at java.rmi/sun.rmi.server.UnicastServerRef.dispatch(UnicastServerRef.java:360)
	at java.rmi/sun.rmi.transport.Transport$1.run(Transport.java:200)
	at java.rmi/sun.rmi.transport.Transport$1.run(Transport.java:197)
	at java.base/java.security.AccessController.doPrivileged(AccessController.java:712)
	at java.rmi/sun.rmi.transport.Transport.serviceCall(Transport.java:196)
	at java.rmi/sun.rmi.transport.tcp.TCPTransport.handleMessages(TCPTransport.java:587)
	at java.rmi/sun.rmi.transport.tcp.TCPTransport$ConnectionHandler.run0(TCPTransport.java:828)
	at java.rmi/sun.rmi.transport.tcp.TCPTransport$ConnectionHandler.lambda$run$0(TCPTransport.java:705)
	at java.base/java.security.AccessController.doPrivileged(AccessController.java:399)
	at java.rmi/sun.rmi.transport.tcp.TCPTransport$ConnectionHandler.run(TCPTransport.java:704)
	at java.base/java.util.concurrent.ThreadPoolExecutor.runWorker(ThreadPoolExecutor.java:1136)
	at java.base/java.util.concurrent.ThreadPoolExecutor$Worker.run(ThreadPoolExecutor.java:635)
	at java.base/java.lang.Thread.run(Thread.java:840)


> Task :connector:compileJvmTestJava NO-SOURCE
> Task :connector:jvmTestClasses

> Task :connector:jvmTest

ReviewAuthorityDriftTests[jvm] > new keyspace authority re-signs a definitively rejected frozen write[jvm] FAILED
    kotlinx.coroutines.TimeoutCancellationException at CoroutineDebugging.kt:42
        Caused by: kotlinx.coroutines.TimeoutCancellationException at Timeout.kt:189

29 tests completed, 1 failed

> Task :connector:jvmTest FAILED

[Incubating] Problems report is available at: file:///Users/mikeroberts/.paseo/worktrees/2ujo6tia/review-available-independent-verifier/build/reports/problems/problems-report.html

FAILURE: Build failed with an exception.

* What went wrong:
Execution failed for task ':connector:jvmTest'.
> There were failing tests. See the report at: file:///Users/mikeroberts/.paseo/worktrees/2ujo6tia/review-available-independent-verifier/connector/build/reports/tests/jvmTest/index.html

* Try:
> Run with --scan to get full insights from a Build Scan (powered by Develocity).

Deprecated Gradle features were used in this build, making it incompatible with Gradle 10.

You can use '--warning-mode all' to show the individual deprecation warnings and determine if they come from your own scripts or plugins.

For more on this, please refer to https://docs.gradle.org/9.5.1/userguide/command_line_interface.html#sec:command_line_warnings in the Gradle documentation.

BUILD FAILED in 21s
21 actionable tasks: 7 executed, 14 up-to-date
