To honour the JVM settings for this build a single-use Daemon process will be forked. For more on this, please refer to https://docs.gradle.org/9.5.1/userguide/gradle_daemon.html#sec:disabling_the_daemon in the Gradle documentation.
Daemon will be stopped at the end of the build 
Type-safe project accessors is an incubating feature.
> Task :api:kmpPartiallyResolvedDependenciesChecker
> Task :api:checkKotlinGradlePluginConfigurationErrors SKIPPED
> Task :api:installProtocGenKt UP-TO-DATE
> Task :api:generateProto
> Task :api:jvmProcessResources NO-SOURCE
> Task :api:processJvmMainResources SKIPPED
> Task :observability-api:kmpPartiallyResolvedDependenciesChecker
> Task :observability-api:checkKotlinGradlePluginConfigurationErrors SKIPPED
> Task :observability-api:generateMonitoringVersion
> Task :observability-api:jvmProcessResources NO-SOURCE
> Task :observability-api:processJvmMainResources SKIPPED
> Task :sharding-core:checkKotlinGradlePluginConfigurationErrors SKIPPED
> Task :sharding-core:processResources NO-SOURCE
> Task :server:checkKotlinGradlePluginConfigurationErrors SKIPPED
> Task :server:test:checkKotlinGradlePluginConfigurationErrors SKIPPED
> Task :server:test:processResources NO-SOURCE
> Task :connector:kmpPartiallyResolvedDependenciesChecker
> Task :connector:checkKotlinGradlePluginConfigurationErrors SKIPPED
> Task :connector:jvmProcessResources NO-SOURCE
> Task :connector:processJvmMainResources SKIPPED
> Task :connector:jvmTestProcessResources NO-SOURCE
> Task :connector:processJvmTestResources SKIPPED
> Task :sharding-core:compileKotlin
> Task :observability-api:compileKotlinJvm
> Task :observability-api:compileJvmMainJava NO-SOURCE
> Task :observability-api:jvmMainClasses
> Task :observability-api:jvmJar UP-TO-DATE
> Task :sharding-core:compileJava NO-SOURCE
> Task :sharding-core:classes UP-TO-DATE
> Task :sharding-core:jar UP-TO-DATE

> Task :api:compileKotlinJvm
w: file:///Users/mikeroberts/workspace/latenighthack/.worktrees/lockers-review-build/api/build/generated/ktproto/kotlin/com/google/protobuf/descriptor.data.kt:81:63 Redundant call of conversion method.
w: file:///Users/mikeroberts/workspace/latenighthack/.worktrees/lockers-review-build/api/build/generated/ktproto/kotlin/com/google/protobuf/descriptor.data.kt:320:67 Redundant call of conversion method.
w: file:///Users/mikeroberts/workspace/latenighthack/.worktrees/lockers-review-build/api/build/generated/ktproto/kotlin/com/google/protobuf/descriptor.data.kt:996:67 Redundant call of conversion method.
w: file:///Users/mikeroberts/workspace/latenighthack/.worktrees/lockers-review-build/api/build/generated/ktproto/kotlin/com/google/protobuf/descriptor.data.kt:2296:93 Redundant call of conversion method.

> Task :api:compileJvmMainJava NO-SOURCE
> Task :api:jvmMainClasses
> Task :api:jvmJar UP-TO-DATE
> Task :server:verifyRuntimeSecurity

> Task :connector:compileKotlinJvm
w: file:///Users/mikeroberts/workspace/latenighthack/.worktrees/lockers-review-build/connector/src/commonMain/kotlin/com/latenighthack/lockers/connector/LockerClient.kt:287:35 This is a delicate API and its use requires care. Make sure you fully read and understand documentation of the declaration that is marked as a delicate API.
w: file:///Users/mikeroberts/workspace/latenighthack/.worktrees/lockers-review-build/connector/src/commonMain/kotlin/com/latenighthack/lockers/connector/LockerClient.kt:517:68 Unnecessary non-null assertion (!!) on a non-null receiver of type 'Locker'.
w: file:///Users/mikeroberts/workspace/latenighthack/.worktrees/lockers-review-build/connector/src/commonMain/kotlin/com/latenighthack/lockers/connector/LockerClient.kt:962:48 Unnecessary safe call on a non-null receiver of type 'RoomId'.

> Task :connector:compileJvmMainJava NO-SOURCE
> Task :connector:jvmMainClasses
> Task :connector:jvmJar UP-TO-DATE
> Task :server:kspKotlin
> Task :server:processResources NO-SOURCE

> Task :server:compileKotlin
w: file:///Users/mikeroberts/workspace/latenighthack/.worktrees/lockers-review-build/server/src/main/kotlin/com/latenighthack/lockers/server/claim/ClaimJdbcPool.kt:38:51 Unnecessary non-null assertion (!!) on a non-null receiver of type 'Connection'.
w: file:///Users/mikeroberts/workspace/latenighthack/.worktrees/lockers-review-build/server/src/main/kotlin/com/latenighthack/lockers/server/claim/ClaimJdbcPool.kt:60:31 Unnecessary safe call on a non-null receiver of type 'Connection'.
w: file:///Users/mikeroberts/workspace/latenighthack/.worktrees/lockers-review-build/server/src/main/kotlin/com/latenighthack/lockers/server/services/room/v1/RoomServiceImpl.kt:141:44 Unnecessary safe call on a non-null receiver of type 'String'.
w: file:///Users/mikeroberts/workspace/latenighthack/.worktrees/lockers-review-build/server/src/main/kotlin/com/latenighthack/lockers/server/services/room/v1/RoomServiceImpl.kt:334:93 Unnecessary non-null assertion (!!) on a non-null receiver of type 'PostLockerChangesResponse'.
w: file:///Users/mikeroberts/workspace/latenighthack/.worktrees/lockers-review-build/server/src/main/kotlin/com/latenighthack/lockers/server/services/session/v1/SessionServiceImpl.kt:347:45 Unnecessary safe call on a non-null receiver of type 'ServerSessionEvent'.
w: file:///Users/mikeroberts/workspace/latenighthack/.worktrees/lockers-review-build/server/src/main/kotlin/com/latenighthack/lockers/server/services/session/v1/SessionServiceImpl.kt:354:45 Unnecessary safe call on a non-null receiver of type 'ServerSessionEvent'.
w: file:///Users/mikeroberts/workspace/latenighthack/.worktrees/lockers-review-build/server/src/main/kotlin/com/latenighthack/lockers/server/tools/WriteTrace.kt:67:46 Unnecessary non-null assertion (!!) on a non-null receiver of type 'String'.

> Task :server:compileJava NO-SOURCE
> Task :server:classes UP-TO-DATE
> Task :server:jar UP-TO-DATE
> Task :server:test:compileKotlin
> Task :server:test:compileJava NO-SOURCE
> Task :server:test:classes UP-TO-DATE
> Task :server:test:jar UP-TO-DATE
> Task :server:kspTestKotlin SKIPPED
> Task :server:processTestResources NO-SOURCE
> Task :connector:compileTestKotlinJvm
> Task :connector:compileJvmTestJava NO-SOURCE
> Task :connector:jvmTestClasses

> Task :server:compileTestKotlin
w: file:///Users/mikeroberts/workspace/latenighthack/.worktrees/lockers-review-build/server/src/test/kotlin/com/latenighthack/lockers/server/claim/ClaimLoadRunner.kt:133:53 Unnecessary safe call on a non-null receiver of type 'PostLockerChangeResponse.Result'.

> Task :connector:jvmTest
> Task :server:compileTestJava NO-SOURCE
> Task :server:testClasses UP-TO-DATE
> Task :server:test

[Incubating] Problems report is available at: file:///Users/mikeroberts/workspace/latenighthack/.worktrees/lockers-review-build/build/reports/problems/problems-report.html

Deprecated Gradle features were used in this build, making it incompatible with Gradle 10.

You can use '--warning-mode all' to show the individual deprecation warnings and determine if they come from your own scripts or plugins.

For more on this, please refer to https://docs.gradle.org/9.5.1/userguide/command_line_interface.html#sec:command_line_warnings in the Gradle documentation.

BUILD SUCCESSFUL in 1m 20s
24 actionable tasks: 17 executed, 7 up-to-date
Consider enabling configuration cache to speed up this build: https://docs.gradle.org/9.5.1/userguide/configuration_cache_enabling.html
