Type-safe project accessors is an incubating feature.
> Task :api:kmpPartiallyResolvedDependenciesChecker
> Task :api:checkKotlinGradlePluginConfigurationErrors SKIPPED
> Task :api:installProtocGenKt UP-TO-DATE
> Task :api:generateProto UP-TO-DATE
> Task :api:compileKotlinJvm UP-TO-DATE
> Task :api:compileJvmMainJava NO-SOURCE
> Task :api:jvmProcessResources NO-SOURCE
> Task :api:processJvmMainResources SKIPPED
> Task :api:jvmMainClasses UP-TO-DATE
> Task :api:jvmJar UP-TO-DATE
> Task :connector:kmpPartiallyResolvedDependenciesChecker
> Task :connector:checkKotlinGradlePluginConfigurationErrors SKIPPED
> Task :observability-api:kmpPartiallyResolvedDependenciesChecker
> Task :observability-api:checkKotlinGradlePluginConfigurationErrors SKIPPED
> Task :observability-api:generateMonitoringVersion UP-TO-DATE
> Task :observability-api:compileKotlinJvm UP-TO-DATE
> Task :observability-api:compileJvmMainJava NO-SOURCE
> Task :observability-api:jvmProcessResources NO-SOURCE
> Task :observability-api:processJvmMainResources SKIPPED
> Task :observability-api:jvmMainClasses UP-TO-DATE
> Task :observability-api:jvmJar UP-TO-DATE
> Task :connector:jvmProcessResources NO-SOURCE
> Task :connector:processJvmMainResources SKIPPED
> Task :server:checkKotlinGradlePluginConfigurationErrors SKIPPED
> Task :sharding-core:checkKotlinGradlePluginConfigurationErrors SKIPPED
> Task :sharding-core:compileKotlin UP-TO-DATE
> Task :sharding-core:compileJava NO-SOURCE
> Task :sharding-core:processResources NO-SOURCE
> Task :sharding-core:classes UP-TO-DATE
> Task :sharding-core:jar UP-TO-DATE
> Task :server:kspKotlin UP-TO-DATE
> Task :server:compileKotlin UP-TO-DATE
> Task :server:compileJava NO-SOURCE
> Task :server:processResources NO-SOURCE
> Task :server:classes UP-TO-DATE
> Task :server:jar UP-TO-DATE
> Task :server:test:checkKotlinGradlePluginConfigurationErrors SKIPPED
> Task :server:test:compileKotlin UP-TO-DATE
> Task :server:test:compileJava NO-SOURCE
> Task :server:test:processResources NO-SOURCE
> Task :server:test:classes UP-TO-DATE
> Task :server:test:jar UP-TO-DATE
> Task :connector:jvmTestProcessResources NO-SOURCE
> Task :connector:processJvmTestResources SKIPPED
> Task :api:preBuild UP-TO-DATE
> Task :api:preDebugBuild UP-TO-DATE
> Task :api:generateDebugResValues
> Task :api:generateDebugResources
> Task :api:packageDebugResources
> Task :api:processDebugNavigationResources
> Task :connector:preBuild UP-TO-DATE
> Task :connector:preDebugBuild UP-TO-DATE
> Task :api:javaPreCompileDebug
> Task :connector:generateDebugResValues
> Task :connector:generateDebugResources
> Task :connector:packageDebugResources
> Task :connector:processDebugNavigationResources
> Task :observability-api:preBuild UP-TO-DATE
> Task :observability-api:preDebugBuild UP-TO-DATE
> Task :observability-api:generateDebugResValues
> Task :api:parseDebugLocalResources
> Task :observability-api:generateDebugResources
> Task :connector:parseDebugLocalResources
> Task :api:generateDebugRFile
> Task :connector:generateDebugRFile
> Task :observability-api:packageDebugResources
> Task :observability-api:processDebugNavigationResources
> Task :observability-api:javaPreCompileDebug
> Task :observability-api:parseDebugLocalResources
> Task :api:compileKotlinJs UP-TO-DATE
> Task :observability-api:generateDebugRFile
> Task :observability-api:compileKotlinJs UP-TO-DATE
> Task :observability-api:compileDebugKotlinAndroid

> Task :connector:compileKotlinJs
w: file:///Users/mikeroberts/workspace/latenighthack/.worktrees/lockers-review-connector-store-aliases/connector/src/commonMain/kotlin/com/latenighthack/lockers/connector/LockerClient.kt:602:76 Elvis operator (?:) always returns the left operand of non-nullable type 'Long'.
w: file:///Users/mikeroberts/workspace/latenighthack/.worktrees/lockers-review-connector-store-aliases/connector/src/commonMain/kotlin/com/latenighthack/lockers/connector/LockerClient.kt:791:68 Unnecessary non-null assertion (!!) on a non-null receiver of type 'Locker'.
w: file:///Users/mikeroberts/workspace/latenighthack/.worktrees/lockers-review-connector-store-aliases/connector/src/commonMain/kotlin/com/latenighthack/lockers/connector/LockerClient.kt:1517:48 Unnecessary safe call on a non-null receiver of type 'RoomId'.

> Task :connector:compileKotlinJvm
w: file:///Users/mikeroberts/workspace/latenighthack/.worktrees/lockers-review-connector-store-aliases/connector/src/commonMain/kotlin/com/latenighthack/lockers/connector/LockerClient.kt:602:76 Elvis operator (?:) always returns the left operand of non-nullable type 'Long'.
w: file:///Users/mikeroberts/workspace/latenighthack/.worktrees/lockers-review-connector-store-aliases/connector/src/commonMain/kotlin/com/latenighthack/lockers/connector/LockerClient.kt:791:68 Unnecessary non-null assertion (!!) on a non-null receiver of type 'Locker'.
w: file:///Users/mikeroberts/workspace/latenighthack/.worktrees/lockers-review-connector-store-aliases/connector/src/commonMain/kotlin/com/latenighthack/lockers/connector/LockerClient.kt:1517:48 Unnecessary safe call on a non-null receiver of type 'RoomId'.

> Task :api:downloadKotlinNativeDistribution UP-TO-DATE
> Task :connector:compileJvmMainJava NO-SOURCE
> Task :connector:jvmMainClasses
> Task :connector:jvmJar
> Task :observability-api:compileDebugJavaWithJavac NO-SOURCE
> Task :observability-api:bundleLibCompileToJarDebug
> Task :api:compileKotlinIosSimulatorArm64 UP-TO-DATE
> Task :connector:downloadKotlinNativeDistribution UP-TO-DATE
> Task :observability-api:downloadKotlinNativeDistribution UP-TO-DATE
> Task :observability-api:compileKotlinIosSimulatorArm64 UP-TO-DATE

> Task :api:compileDebugKotlinAndroid
w: file:///Users/mikeroberts/workspace/latenighthack/.worktrees/lockers-review-connector-store-aliases/api/build/generated/ktproto/kotlin/com/google/protobuf/descriptor.data.kt:81:63 Redundant call of conversion method.
w: file:///Users/mikeroberts/workspace/latenighthack/.worktrees/lockers-review-connector-store-aliases/api/build/generated/ktproto/kotlin/com/google/protobuf/descriptor.data.kt:320:67 Redundant call of conversion method.
w: file:///Users/mikeroberts/workspace/latenighthack/.worktrees/lockers-review-connector-store-aliases/api/build/generated/ktproto/kotlin/com/google/protobuf/descriptor.data.kt:992:67 Redundant call of conversion method.
w: file:///Users/mikeroberts/workspace/latenighthack/.worktrees/lockers-review-connector-store-aliases/api/build/generated/ktproto/kotlin/com/google/protobuf/descriptor.data.kt:2284:93 Redundant call of conversion method.

> Task :connector:compileTestKotlinJvm
[KOTLIN] [IC] Incremental compilation was attempted but failed:
    Failed to compute files to recompile: java.lang.IllegalStateException: The following FqNames can't be derived from DirtyData.dirtyLookupSymbols: com.latenighthack.lockers.room.v1.SubscriptionResponse.
DirtyData = DirtyData(dirtyLookupSymbols=[LookupSymbol(name=SubscriptionHistoryCapacityException, scope=com.latenighthack.lockers.connector), LookupSymbol(name=STALE_INTENT, scope=com.latenighthack.lockers.room.v1.SubscriptionResponse.Result.Companion), LookupSymbol(name=Result, scope=com.latenighthack.lockers.room.v1.SubscriptionResponse), LookupSymbol(name=Companion, scope=com.latenighthack.lockers.room.v1.SubscriptionResponse.Result), LookupSymbol(name=<SAM-CONSTRUCTOR>, scope=com.latenighthack.lockers.room.v1.SubscriptionResponse.Companion), LookupSymbol(name=SubscriptionRevisionConflictException, scope=com.latenighthack.lockers.connector), LookupSymbol(name=<SAM-CONSTRUCTOR>, scope=com.latenighthack.lockers.room.v1.SubscriptionResponse.Result.Companion), LookupSymbol(name=Companion, scope=com.latenighthack.lockers.room.v1.SubscriptionResponse), LookupSymbol(name=LockerClient, scope=com.latenighthack.lockers.connector), LookupSymbol(name=SubscriptionOrderingUnsupportedException, scope=com.latenighthack.lockers.connector), LookupSymbol(name=OK, scope=com.latenighthack.lockers.room.v1.SubscriptionResponse.Result.Companion), LookupSymbol(name=STALE_INTENT, scope=com.latenighthack.lockers.room.v1.SubscriptionResponse.Result), LookupSymbol(name=UNKNOWN_ERROR, scope=com.latenighthack.lockers.room.v1.SubscriptionResponse.Result.Companion), LookupSymbol(name=<SAM-CONSTRUCTOR>, scope=com.latenighthack.lockers.room.v1.SubscriptionResponse), LookupSymbol(name=SubscriptionIntentRevision, scope=com.latenighthack.lockers.connector), LookupSymbol(name=NAME, scope=com.latenighthack.lockers.room.v1.SubscriptionResponse.Companion), LookupSymbol(name=INVALID_DATA, scope=com.latenighthack.lockers.room.v1.SubscriptionResponse.Result.Companion), LookupSymbol(name=fromInt, scope=com.latenighthack.lockers.room.v1.SubscriptionResponse.Result.Companion), LookupSymbol(name=<SAM-CONSTRUCTOR>, scope=com.latenighthack.lockers.room.v1.SubscriptionResponse.Result), LookupSymbol(name=SubscriptionStoreImplDefinitionV1, scope=com.latenighthack.lockers.connector)], dirtyClassesFqNames=[com.latenighthack.lockers.room.v1.SubscriptionResponse, com.latenighthack.lockers.room.v1.SubscriptionResponse.Result.STALE_INTENT, com.latenighthack.lockers.connector.SubscriptionHistoryCapacityException, com.latenighthack.lockers.connector.SubscriptionRevisionConflictException, com.latenighthack.lockers.room.v1.SubscriptionResponse.Result.Companion, com.latenighthack.lockers.connector.LockerClient, com.latenighthack.lockers.connector.SubscriptionOrderingUnsupportedException, com.latenighthack.lockers.room.v1.SubscriptionResponse.Result, com.latenighthack.lockers.room.v1.SubscriptionResponse.Companion, com.latenighthack.lockers.connector.SubscriptionIntentRevision, com.latenighthack.lockers.connector.SubscriptionStoreImplDefinitionV1], dirtyClassesFqNamesForceRecompile=[])
	at org.jetbrains.kotlin.incremental.classpathDiff.ClasspathChangesComputer.toProgramSymbols(ClasspathChangesComputer.kt:364)
	at org.jetbrains.kotlin.incremental.classpathDiff.ClasspathChangesComputer.computeFineGrainedKotlinClassChanges(ClasspathChangesComputer.kt:264)
	at org.jetbrains.kotlin.incremental.classpathDiff.ClasspathChangesComputer.computeKotlinClassChanges(ClasspathChangesComputer.kt:164)
	at org.jetbrains.kotlin.incremental.classpathDiff.ClasspathChangesComputer.computeClassChanges(ClasspathChangesComputer.kt:137)
	at org.jetbrains.kotlin.incremental.classpathDiff.ClasspathChangesComputer.computeChangedAndImpactedSet(ClasspathChangesComputer.kt:87)
	at org.jetbrains.kotlin.incremental.classpathDiff.ClasspathChangesComputer.computeClasspathChanges(ClasspathChangesComputer.kt:55)
	at org.jetbrains.kotlin.incremental.dirtyFiles.ClasspathSnapshotBasedImpactDeterminer.determineChangedAndImpactedSymbols(ClasspathSnapshotBasedImpactDeterminer.kt:42)
	at org.jetbrains.kotlin.incremental.dirtyFiles.JvmSourcesToCompileCalculator.calculateSourcesToCompileImpl(JvmSourcesToCompileCalculator.kt:41)
	at org.jetbrains.kotlin.incremental.dirtyFiles.JvmSourcesToCompileCalculator.calculateWithClasspathSnapshot(JvmSourcesToCompileCalculator.kt:97)
	at org.jetbrains.kotlin.incremental.IncrementalJvmCompilerRunner.calculateSourcesToCompile(IncrementalJvmCompilerRunner.kt:60)
	at org.jetbrains.kotlin.incremental.IncrementalJvmCompilerRunner.calculateSourcesToCompile(IncrementalJvmCompilerRunner.kt:23)
	at org.jetbrains.kotlin.incremental.IncrementalCompilerRunner.tryCompileIncrementally$lambda$0$compile(IncrementalCompilerRunner.kt:225)
	at org.jetbrains.kotlin.incremental.IncrementalCompilerRunner.tryCompileIncrementally(IncrementalCompilerRunner.kt:267)
	at org.jetbrains.kotlin.incremental.IncrementalCompilerRunner.compile(IncrementalCompilerRunner.kt:119)
	at org.jetbrains.kotlin.daemon.CompileServiceImplBase.execIncrementalCompiler(CompileServiceImpl.kt:684)
	at org.jetbrains.kotlin.daemon.CompileServiceImplBase.access$execIncrementalCompiler(CompileServiceImpl.kt:94)
	at org.jetbrains.kotlin.daemon.CompileServiceImpl.compile(CompileServiceImpl.kt:1810)
	at jdk.internal.reflect.GeneratedMethodAccessor12.invoke(Unknown Source)
	at java.base/jdk.internal.reflect.DelegatingMethodAccessorImpl.invoke(DelegatingMethodAccessorImpl.java:43)
	at java.base/java.lang.reflect.Method.invoke(Method.java:569)
	at java.rmi/sun.rmi.server.UnicastServerRef.dispatch(UnicastServerRef.java:360)
	at java.rmi/sun.rmi.transport.Transport$1.run(Transport.java:200)
	at java.rmi/sun.rmi.transport.Transport$1.run(Transport.java:197)
	at java.base/java.security.AccessController.doPrivileged(AccessController.java:712)
	at java.rmi/sun.rmi.transport.Transport.serviceCall(Transport.java:196)
	at java.rmi/sun.rmi.transport.tcp.TCPTransport.handleMessages(TCPTransport.java:587)
	at java.rmi/sun.rmi.transport.tcp.TCPTransport$ConnectionHandler.run0(TCPTransport.java:828)
	at java.rmi/sun.rmi.transport.tcp.TCPTransport$ConnectionHandler.lambda$run$0(TCPTransport.java:705)
	at java.base/java.security.AccessController.doPrivileged(AccessController.java:399)
	at java.rmi/sun.rmi.transport.tcp.TCPTransport$ConnectionHandler.run(TCPTransport.java:704)
	at java.base/java.util.concurrent.ThreadPoolExecutor.runWorker(ThreadPoolExecutor.java:1136)
	at java.base/java.util.concurrent.ThreadPoolExecutor$Worker.run(ThreadPoolExecutor.java:635)
	at java.base/java.lang.Thread.run(Thread.java:840)
    Falling back to non-incremental compilation (reason = IC_FAILED_TO_COMPUTE_FILES_TO_RECOMPILE)
    To help us fix this issue, please file a bug at https://youtrack.jetbrains.com/issues/KT with the above stack trace.
    (Be sure to search for the above exception in existing issues first to avoid filing duplicated bugs.)             
e: Incremental compilation failed: The following FqNames can't be derived from DirtyData.dirtyLookupSymbols: com.latenighthack.lockers.room.v1.SubscriptionResponse.
DirtyData = DirtyData(dirtyLookupSymbols=[LookupSymbol(name=SubscriptionHistoryCapacityException, scope=com.latenighthack.lockers.connector), LookupSymbol(name=STALE_INTENT, scope=com.latenighthack.lockers.room.v1.SubscriptionResponse.Result.Companion), LookupSymbol(name=Result, scope=com.latenighthack.lockers.room.v1.SubscriptionResponse), LookupSymbol(name=Companion, scope=com.latenighthack.lockers.room.v1.SubscriptionResponse.Result), LookupSymbol(name=<SAM-CONSTRUCTOR>, scope=com.latenighthack.lockers.room.v1.SubscriptionResponse.Companion), LookupSymbol(name=SubscriptionRevisionConflictException, scope=com.latenighthack.lockers.connector), LookupSymbol(name=<SAM-CONSTRUCTOR>, scope=com.latenighthack.lockers.room.v1.SubscriptionResponse.Result.Companion), LookupSymbol(name=Companion, scope=com.latenighthack.lockers.room.v1.SubscriptionResponse), LookupSymbol(name=LockerClient, scope=com.latenighthack.lockers.connector), LookupSymbol(name=SubscriptionOrderingUnsupportedException, scope=com.latenighthack.lockers.connector), LookupSymbol(name=OK, scope=com.latenighthack.lockers.room.v1.SubscriptionResponse.Result.Companion), LookupSymbol(name=STALE_INTENT, scope=com.latenighthack.lockers.room.v1.SubscriptionResponse.Result), LookupSymbol(name=UNKNOWN_ERROR, scope=com.latenighthack.lockers.room.v1.SubscriptionResponse.Result.Companion), LookupSymbol(name=<SAM-CONSTRUCTOR>, scope=com.latenighthack.lockers.room.v1.SubscriptionResponse), LookupSymbol(name=SubscriptionIntentRevision, scope=com.latenighthack.lockers.connector), LookupSymbol(name=NAME, scope=com.latenighthack.lockers.room.v1.SubscriptionResponse.Companion), LookupSymbol(name=INVALID_DATA, scope=com.latenighthack.lockers.room.v1.SubscriptionResponse.Result.Companion), LookupSymbol(name=fromInt, scope=com.latenighthack.lockers.room.v1.SubscriptionResponse.Result.Companion), LookupSymbol(name=<SAM-CONSTRUCTOR>, scope=com.latenighthack.lockers.room.v1.SubscriptionResponse.Result), LookupSymbol(name=SubscriptionStoreImplDefinitionV1, scope=com.latenighthack.lockers.connector)], dirtyClassesFqNames=[com.latenighthack.lockers.room.v1.SubscriptionResponse, com.latenighthack.lockers.room.v1.SubscriptionResponse.Result.STALE_INTENT, com.latenighthack.lockers.connector.SubscriptionHistoryCapacityException, com.latenighthack.lockers.connector.SubscriptionRevisionConflictException, com.latenighthack.lockers.room.v1.SubscriptionResponse.Result.Companion, com.latenighthack.lockers.connector.LockerClient, com.latenighthack.lockers.connector.SubscriptionOrderingUnsupportedException, com.latenighthack.lockers.room.v1.SubscriptionResponse.Result, com.latenighthack.lockers.room.v1.SubscriptionResponse.Companion, com.latenighthack.lockers.connector.SubscriptionIntentRevision, com.latenighthack.lockers.connector.SubscriptionStoreImplDefinitionV1], dirtyClassesFqNamesForceRecompile=[])
java.lang.IllegalStateException: The following FqNames can't be derived from DirtyData.dirtyLookupSymbols: com.latenighthack.lockers.room.v1.SubscriptionResponse.
DirtyData = DirtyData(dirtyLookupSymbols=[LookupSymbol(name=SubscriptionHistoryCapacityException, scope=com.latenighthack.lockers.connector), LookupSymbol(name=STALE_INTENT, scope=com.latenighthack.lockers.room.v1.SubscriptionResponse.Result.Companion), LookupSymbol(name=Result, scope=com.latenighthack.lockers.room.v1.SubscriptionResponse), LookupSymbol(name=Companion, scope=com.latenighthack.lockers.room.v1.SubscriptionResponse.Result), LookupSymbol(name=<SAM-CONSTRUCTOR>, scope=com.latenighthack.lockers.room.v1.SubscriptionResponse.Companion), LookupSymbol(name=SubscriptionRevisionConflictException, scope=com.latenighthack.lockers.connector), LookupSymbol(name=<SAM-CONSTRUCTOR>, scope=com.latenighthack.lockers.room.v1.SubscriptionResponse.Result.Companion), LookupSymbol(name=Companion, scope=com.latenighthack.lockers.room.v1.SubscriptionResponse), LookupSymbol(name=LockerClient, scope=com.latenighthack.lockers.connector), LookupSymbol(name=SubscriptionOrderingUnsupportedException, scope=com.latenighthack.lockers.connector), LookupSymbol(name=OK, scope=com.latenighthack.lockers.room.v1.SubscriptionResponse.Result.Companion), LookupSymbol(name=STALE_INTENT, scope=com.latenighthack.lockers.room.v1.SubscriptionResponse.Result), LookupSymbol(name=UNKNOWN_ERROR, scope=com.latenighthack.lockers.room.v1.SubscriptionResponse.Result.Companion), LookupSymbol(name=<SAM-CONSTRUCTOR>, scope=com.latenighthack.lockers.room.v1.SubscriptionResponse), LookupSymbol(name=SubscriptionIntentRevision, scope=com.latenighthack.lockers.connector), LookupSymbol(name=NAME, scope=com.latenighthack.lockers.room.v1.SubscriptionResponse.Companion), LookupSymbol(name=INVALID_DATA, scope=com.latenighthack.lockers.room.v1.SubscriptionResponse.Result.Companion), LookupSymbol(name=fromInt, scope=com.latenighthack.lockers.room.v1.SubscriptionResponse.Result.Companion), LookupSymbol(name=<SAM-CONSTRUCTOR>, scope=com.latenighthack.lockers.room.v1.SubscriptionResponse.Result), LookupSymbol(name=SubscriptionStoreImplDefinitionV1, scope=com.latenighthack.lockers.connector)], dirtyClassesFqNames=[com.latenighthack.lockers.room.v1.SubscriptionResponse, com.latenighthack.lockers.room.v1.SubscriptionResponse.Result.STALE_INTENT, com.latenighthack.lockers.connector.SubscriptionHistoryCapacityException, com.latenighthack.lockers.connector.SubscriptionRevisionConflictException, com.latenighthack.lockers.room.v1.SubscriptionResponse.Result.Companion, com.latenighthack.lockers.connector.LockerClient, com.latenighthack.lockers.connector.SubscriptionOrderingUnsupportedException, com.latenighthack.lockers.room.v1.SubscriptionResponse.Result, com.latenighthack.lockers.room.v1.SubscriptionResponse.Companion, com.latenighthack.lockers.connector.SubscriptionIntentRevision, com.latenighthack.lockers.connector.SubscriptionStoreImplDefinitionV1], dirtyClassesFqNamesForceRecompile=[])
	at org.jetbrains.kotlin.incremental.classpathDiff.ClasspathChangesComputer.toProgramSymbols(ClasspathChangesComputer.kt:364)
	at org.jetbrains.kotlin.incremental.classpathDiff.ClasspathChangesComputer.computeFineGrainedKotlinClassChanges(ClasspathChangesComputer.kt:264)
	at org.jetbrains.kotlin.incremental.classpathDiff.ClasspathChangesComputer.computeKotlinClassChanges(ClasspathChangesComputer.kt:164)
	at org.jetbrains.kotlin.incremental.classpathDiff.ClasspathChangesComputer.computeClassChanges(ClasspathChangesComputer.kt:137)
	at org.jetbrains.kotlin.incremental.classpathDiff.ClasspathChangesComputer.computeChangedAndImpactedSet(ClasspathChangesComputer.kt:87)
	at org.jetbrains.kotlin.incremental.classpathDiff.ClasspathChangesComputer.computeClasspathChanges(ClasspathChangesComputer.kt:55)
	at org.jetbrains.kotlin.incremental.dirtyFiles.ClasspathSnapshotBasedImpactDeterminer.determineChangedAndImpactedSymbols(ClasspathSnapshotBasedImpactDeterminer.kt:42)
	at org.jetbrains.kotlin.incremental.dirtyFiles.JvmSourcesToCompileCalculator.calculateSourcesToCompileImpl(JvmSourcesToCompileCalculator.kt:41)
	at org.jetbrains.kotlin.incremental.dirtyFiles.JvmSourcesToCompileCalculator.calculateWithClasspathSnapshot(JvmSourcesToCompileCalculator.kt:97)
	at org.jetbrains.kotlin.incremental.IncrementalJvmCompilerRunner.calculateSourcesToCompile(IncrementalJvmCompilerRunner.kt:60)
	at org.jetbrains.kotlin.incremental.IncrementalJvmCompilerRunner.calculateSourcesToCompile(IncrementalJvmCompilerRunner.kt:23)
	at org.jetbrains.kotlin.incremental.IncrementalCompilerRunner.tryCompileIncrementally$lambda$0$compile(IncrementalCompilerRunner.kt:225)
	at org.jetbrains.kotlin.incremental.IncrementalCompilerRunner.tryCompileIncrementally(IncrementalCompilerRunner.kt:267)
	at org.jetbrains.kotlin.incremental.IncrementalCompilerRunner.compile(IncrementalCompilerRunner.kt:119)
	at org.jetbrains.kotlin.daemon.CompileServiceImplBase.execIncrementalCompiler(CompileServiceImpl.kt:684)
	at org.jetbrains.kotlin.daemon.CompileServiceImplBase.access$execIncrementalCompiler(CompileServiceImpl.kt:94)
	at org.jetbrains.kotlin.daemon.CompileServiceImpl.compile(CompileServiceImpl.kt:1810)
	at jdk.internal.reflect.GeneratedMethodAccessor12.invoke(Unknown Source)
	at java.base/jdk.internal.reflect.DelegatingMethodAccessorImpl.invoke(DelegatingMethodAccessorImpl.java:43)
	at java.base/java.lang.reflect.Method.invoke(Method.java:569)
	at java.rmi/sun.rmi.server.UnicastServerRef.dispatch(UnicastServerRef.java:360)
	at java.rmi/sun.rmi.transport.Transport$1.run(Transport.java:200)
	at java.rmi/sun.rmi.transport.Transport$1.run(Transport.java:197)
	at java.base/java.security.AccessController.doPrivileged(AccessController.java:712)
	at java.rmi/sun.rmi.transport.Transport.serviceCall(Transport.java:196)
	at java.rmi/sun.rmi.transport.tcp.TCPTransport.handleMessages(TCPTransport.java:587)
	at java.rmi/sun.rmi.transport.tcp.TCPTransport$ConnectionHandler.run0(TCPTransport.java:828)
	at java.rmi/sun.rmi.transport.tcp.TCPTransport$ConnectionHandler.lambda$run$0(TCPTransport.java:705)
	at java.base/java.security.AccessController.doPrivileged(AccessController.java:399)
	at java.rmi/sun.rmi.transport.tcp.TCPTransport$ConnectionHandler.run(TCPTransport.java:704)
	at java.base/java.util.concurrent.ThreadPoolExecutor.runWorker(ThreadPoolExecutor.java:1136)
	at java.base/java.util.concurrent.ThreadPoolExecutor$Worker.run(ThreadPoolExecutor.java:635)
	at java.base/java.lang.Thread.run(Thread.java:840)

w: file:///Users/mikeroberts/workspace/latenighthack/.worktrees/lockers-review-connector-store-aliases/connector/src/jvmTest/kotlin/com/latenighthack/lockers/connector/test/OwnedTestFixture.kt:30:151 Unnecessary non-null assertion (!!) on a non-null receiver of type 'Throwable'.
w: file:///Users/mikeroberts/workspace/latenighthack/.worktrees/lockers-review-connector-store-aliases/connector/src/jvmTest/kotlin/com/latenighthack/lockers/connector/test/OwnedTestFixtureTests.kt:47:31 Unnecessary non-null assertion (!!) on a non-null receiver of type 'LockersClient'.
w: file:///Users/mikeroberts/workspace/latenighthack/.worktrees/lockers-review-connector-store-aliases/connector/src/jvmTest/kotlin/com/latenighthack/lockers/connector/test/ReviewAuthorityV2Tests.kt:56:107 Unnecessary non-null assertion (!!) on a non-null receiver of type 'UnlockLockerRequest'.
w: file:///Users/mikeroberts/workspace/latenighthack/.worktrees/lockers-review-connector-store-aliases/connector/src/jvmTest/kotlin/com/latenighthack/lockers/connector/test/ReviewConnectorTests.kt:56:87 Unnecessary non-null assertion (!!) on a non-null receiver of type 'Secp256r1KeyPair'.
w: file:///Users/mikeroberts/workspace/latenighthack/.worktrees/lockers-review-connector-store-aliases/connector/src/jvmTest/kotlin/com/latenighthack/lockers/connector/test/ReviewConnectorTests.kt:90:129 Unnecessary non-null assertion (!!) on a non-null receiver of type 'Secp256r1KeyPair'.
w: file:///Users/mikeroberts/workspace/latenighthack/.worktrees/lockers-review-connector-store-aliases/connector/src/jvmTest/kotlin/com/latenighthack/lockers/connector/test/ReviewExpiredRatchetTests.kt:147:42 Unnecessary non-null assertion (!!) on a non-null receiver of type 'PostLockerChangeRequest'.
w: file:///Users/mikeroberts/workspace/latenighthack/.worktrees/lockers-review-connector-store-aliases/connector/src/jvmTest/kotlin/com/latenighthack/lockers/connector/test/ReviewRatchetAdoptionTests.kt:133:75 Unnecessary non-null assertion (!!) on a non-null receiver of type 'PostLockerChangeRequest'.

> Task :connector:compileKotlinIosSimulatorArm64
w: file:///Users/mikeroberts/workspace/latenighthack/.worktrees/lockers-review-connector-store-aliases/connector/src/commonMain/kotlin/com/latenighthack/lockers/connector/LockerClient.kt:602:76 Elvis operator (?:) always returns the left operand of non-nullable type 'Long'.
w: file:///Users/mikeroberts/workspace/latenighthack/.worktrees/lockers-review-connector-store-aliases/connector/src/commonMain/kotlin/com/latenighthack/lockers/connector/LockerClient.kt:791:68 Unnecessary non-null assertion (!!) on a non-null receiver of type 'Locker'.
w: file:///Users/mikeroberts/workspace/latenighthack/.worktrees/lockers-review-connector-store-aliases/connector/src/commonMain/kotlin/com/latenighthack/lockers/connector/LockerClient.kt:1517:48 Unnecessary safe call on a non-null receiver of type 'RoomId'.

> Task :connector:compileJvmTestJava NO-SOURCE
> Task :connector:jvmTestClasses
> Task :connector:jvmTest
> Task :api:compileDebugJavaWithJavac NO-SOURCE
> Task :api:bundleLibCompileToJarDebug

> Task :connector:compileDebugKotlinAndroid
w: file:///Users/mikeroberts/workspace/latenighthack/.worktrees/lockers-review-connector-store-aliases/connector/src/commonMain/kotlin/com/latenighthack/lockers/connector/LockerClient.kt:602:76 Elvis operator (?:) always returns the left operand of non-nullable type 'Long'.
w: file:///Users/mikeroberts/workspace/latenighthack/.worktrees/lockers-review-connector-store-aliases/connector/src/commonMain/kotlin/com/latenighthack/lockers/connector/LockerClient.kt:791:68 Unnecessary non-null assertion (!!) on a non-null receiver of type 'Locker'.
w: file:///Users/mikeroberts/workspace/latenighthack/.worktrees/lockers-review-connector-store-aliases/connector/src/commonMain/kotlin/com/latenighthack/lockers/connector/LockerClient.kt:1517:48 Unnecessary safe call on a non-null receiver of type 'RoomId'.

[Incubating] Problems report is available at: file:///Users/mikeroberts/workspace/latenighthack/.worktrees/lockers-review-connector-store-aliases/build/reports/problems/problems-report.html

Deprecated Gradle features were used in this build, making it incompatible with Gradle 10.

You can use '--warning-mode all' to show the individual deprecation warnings and determine if they come from your own scripts or plugins.

For more on this, please refer to https://docs.gradle.org/9.5.1/userguide/command_line_interface.html#sec:command_line_warnings in the Gradle documentation.

BUILD SUCCESSFUL in 17s
55 actionable tasks: 34 executed, 21 up-to-date
Consider enabling configuration cache to speed up this build: https://docs.gradle.org/9.5.1/userguide/configuration_cache_enabling.html
