Starting a Gradle Daemon, 3 busy and 2 incompatible and 15 stopped Daemons could not be reused, use --status for details
Type-safe project accessors is an incubating feature.
Warning: SDK processing. This version only understands SDK XML versions up to 3 but an SDK XML file of version 4 was encountered. This can happen if you use versions of Android Studio and the command-line tools that were released at different times.
Configuration 'jsNpmAggregated' was resolved during configuration time.
This is a build performance and scalability issue.
See https://github.com/gradle/gradle/issues/2298
Run with --info for a stacktrace.
Configuration 'jsTestNpmAggregated' was resolved during configuration time.
This is a build performance and scalability issue.
See https://github.com/gradle/gradle/issues/2298
Run with --info for a stacktrace.
Configuration 'jsNpmAggregated' was resolved during configuration time.
This is a build performance and scalability issue.
See https://github.com/gradle/gradle/issues/2298
Run with --info for a stacktrace.
Configuration 'jsTestNpmAggregated' was resolved during configuration time.
This is a build performance and scalability issue.
See https://github.com/gradle/gradle/issues/2298
Run with --info for a stacktrace.
Configuration 'jsNpmAggregated' was resolved during configuration time.
This is a build performance and scalability issue.
See https://github.com/gradle/gradle/issues/2298
Run with --info for a stacktrace.
Configuration 'jsTestNpmAggregated' was resolved during configuration time.
This is a build performance and scalability issue.
See https://github.com/gradle/gradle/issues/2298
Run with --info for a stacktrace.
Configuration 'jsNpmAggregated' was resolved during configuration time.
This is a build performance and scalability issue.
See https://github.com/gradle/gradle/issues/2298
Run with --info for a stacktrace.
Configuration 'jsTestNpmAggregated' was resolved during configuration time.
This is a build performance and scalability issue.
See https://github.com/gradle/gradle/issues/2298
Run with --info for a stacktrace.
Build was configured to prefer settings repositories over project repositories but repository 'Distributions at https://nodejs.org/dist' was added by unknown code
Build was configured to prefer settings repositories over project repositories but repository 'Distributions at https://github.com/yarnpkg/yarn/releases/download' was added by unknown code
Build was configured to prefer settings repositories over project repositories but repository 'Distributions at https://nodejs.org/dist' was added by unknown code
Build was configured to prefer settings repositories over project repositories but repository 'Distributions at https://nodejs.org/dist' was added by unknown code
Build was configured to prefer settings repositories over project repositories but repository 'Distributions at https://nodejs.org/dist' was added by unknown code
> Task :api:kmpPartiallyResolvedDependenciesChecker
> Task :api:checkKotlinGradlePluginConfigurationErrors SKIPPED
> Task :api:preBuild UP-TO-DATE
> Task :api:preDebugBuild UP-TO-DATE
> Task :api:generateDebugResValues
> Task :api:generateDebugResources
> Task :api:packageDebugResources
> Task :api:processDebugNavigationResources
> Task :api:parseDebugLocalResources

> Task :api:installProtocGenKt
go: downloading github.com/lyft/protoc-gen-star v0.6.2
go: downloading golang.org/x/text v0.3.7
go: downloading github.com/Masterminds/sprig v2.22.0+incompatible
go: downloading github.com/Masterminds/goutils v1.1.1
go: downloading github.com/Masterminds/semver v1.5.0
go: downloading github.com/google/uuid v1.6.0
go: downloading github.com/huandu/xstrings v1.5.0
go: downloading github.com/imdario/mergo v0.3.16
go: downloading github.com/mitchellh/copystructure v1.2.0
go: downloading golang.org/x/crypto v0.0.0-20210921155107-089bfa567519
go: downloading github.com/golang/protobuf v1.5.2
go: downloading github.com/spf13/afero v1.3.3
go: downloading github.com/mitchellh/reflectwalk v1.0.2
go: downloading google.golang.org/protobuf v1.26.0

> Task :api:generateDebugRFile
> Task :api:generateProto
> Task :api:javaPreCompileDebug
> Task :connector:kmpPartiallyResolvedDependenciesChecker
> Task :connector:checkKotlinGradlePluginConfigurationErrors SKIPPED
> Task :connector:preBuild UP-TO-DATE
> Task :connector:preDebugBuild UP-TO-DATE
> Task :connector:generateDebugResValues
> Task :connector:generateDebugResources
> Task :connector:packageDebugResources
> Task :connector:processDebugNavigationResources
> Task :connector:parseDebugLocalResources
> Task :observability-api:kmpPartiallyResolvedDependenciesChecker
> Task :observability-api:checkKotlinGradlePluginConfigurationErrors SKIPPED
> Task :observability-api:preBuild UP-TO-DATE
> Task :observability-api:preDebugBuild UP-TO-DATE
> Task :observability-api:generateDebugResValues
> Task :connector:generateDebugRFile
> Task :observability-api:generateDebugResources
> Task :observability-api:packageDebugResources
> Task :observability-api:processDebugNavigationResources
> Task :observability-api:generateMonitoringVersion
> Task :observability-api:javaPreCompileDebug
> Task :observability-api:parseDebugLocalResources
> Task :kotlinKotlinNpmCachesSetup
> Task :observability-api:generateDebugRFile
> Task :kotlinNodeJsSetup
> Task :kotlinRestoreYarnLock
> Task :kotlinYarnSetup
> Task :api:jsPackageJson
> Task :api:jsTestPackageJson
> Task :observability-api:jsPackageJson
> Task :connector:jsPackageJson
> Task :connector:jsTestPackageJson
> Task :observability-api:jsTestPackageJson
> Task :observability-connector:jsPackageJson
> Task :observability-connector:jsTestPackageJson
> Task :api:jsPublicPackageJson
> Task :api:jsTestPublicPackageJson
> Task :connector:jsPublicPackageJson
> Task :connector:jsTestPublicPackageJson
> Task :observability-api:jsPublicPackageJson
> Task :observability-api:jsTestPublicPackageJson
> Task :observability-connector:jsPublicPackageJson
> Task :observability-connector:jsTestPublicPackageJson
> Task :kotlinPackageJsonUmbrella
> Task :rootPackageJson
> Task :observability-api:compileDebugKotlinAndroid

> Task :kotlinNpmInstall
(node:73633) [DEP0169] DeprecationWarning: `url.parse()` behavior is not standardized and prone to errors that have security implications. Use the WHATWG URL API instead. CVEs are not issued for `url.parse()` vulnerabilities.
(Use `node --trace-deprecation ...` to show where the warning was created)
warning Ignored scripts due to flag.

> Task :observability-api:compileDebugJavaWithJavac NO-SOURCE
> Task :kotlinStoreYarnLock
> Task :observability-api:bundleLibCompileToJarDebug
> Task :connector:jsProcessResources NO-SOURCE
> Task :connector:jsTestProcessResources NO-SOURCE
> Task :connector:kotlinNodeJsSetup
> Task :observability-api:compileKotlinJs

> Task :api:compileDebugKotlinAndroid
w: file:///Users/mikeroberts/workspace/latenighthack/.worktrees/lockers-review-platform-final/api/build/generated/ktproto/kotlin/com/google/protobuf/descriptor.data.kt:81:63 Redundant call of conversion method.
w: file:///Users/mikeroberts/workspace/latenighthack/.worktrees/lockers-review-platform-final/api/build/generated/ktproto/kotlin/com/google/protobuf/descriptor.data.kt:320:67 Redundant call of conversion method.
w: file:///Users/mikeroberts/workspace/latenighthack/.worktrees/lockers-review-platform-final/api/build/generated/ktproto/kotlin/com/google/protobuf/descriptor.data.kt:992:67 Redundant call of conversion method.
w: file:///Users/mikeroberts/workspace/latenighthack/.worktrees/lockers-review-platform-final/api/build/generated/ktproto/kotlin/com/google/protobuf/descriptor.data.kt:2284:93 Redundant call of conversion method.

> Task :api:downloadKotlinNativeDistribution

> Task :api:compileKotlinJs
w: file:///Users/mikeroberts/workspace/latenighthack/.worktrees/lockers-review-platform-final/api/build/generated/ktproto/kotlin/com/google/protobuf/descriptor.data.kt:81:63 Redundant call of conversion method.
w: file:///Users/mikeroberts/workspace/latenighthack/.worktrees/lockers-review-platform-final/api/build/generated/ktproto/kotlin/com/google/protobuf/descriptor.data.kt:320:67 Redundant call of conversion method.
w: file:///Users/mikeroberts/workspace/latenighthack/.worktrees/lockers-review-platform-final/api/build/generated/ktproto/kotlin/com/google/protobuf/descriptor.data.kt:992:67 Redundant call of conversion method.
w: file:///Users/mikeroberts/workspace/latenighthack/.worktrees/lockers-review-platform-final/api/build/generated/ktproto/kotlin/com/google/protobuf/descriptor.data.kt:2284:93 Redundant call of conversion method.

> Task :api:compileKotlinIosSimulatorArm64
w: file:///Users/mikeroberts/workspace/latenighthack/.worktrees/lockers-review-platform-final/api/build/generated/ktproto/kotlin/com/google/protobuf/descriptor.data.kt:81:63 Redundant call of conversion method.
w: file:///Users/mikeroberts/workspace/latenighthack/.worktrees/lockers-review-platform-final/api/build/generated/ktproto/kotlin/com/google/protobuf/descriptor.data.kt:320:67 Redundant call of conversion method.
w: file:///Users/mikeroberts/workspace/latenighthack/.worktrees/lockers-review-platform-final/api/build/generated/ktproto/kotlin/com/google/protobuf/descriptor.data.kt:992:67 Redundant call of conversion method.
w: file:///Users/mikeroberts/workspace/latenighthack/.worktrees/lockers-review-platform-final/api/build/generated/ktproto/kotlin/com/google/protobuf/descriptor.data.kt:2284:93 Redundant call of conversion method.

> Task :api:compileDebugJavaWithJavac NO-SOURCE
> Task :connector:downloadKotlinNativeDistribution
> Task :observability-api:downloadKotlinNativeDistribution
> Task :api:bundleLibCompileToJarDebug
> Task :connector:compileKotlinJs
> Task :observability-api:compileKotlinIosSimulatorArm64
> Task :connector:jsMainClasses
> Task :connector:compileTestKotlinJs
> Task :connector:compileDebugKotlinAndroid
> Task :connector:compileKotlinIosSimulatorArm64
> Task :connector:jsTestClasses
> Task :connector:iosSimulatorArm64ProcessResources NO-SOURCE
> Task :connector:iosSimulatorArm64MainKlibrary
> Task :connector:compileTestKotlinIosSimulatorArm64
> Task :connector:compileTestDevelopmentExecutableKotlinJs

> Task :connector:linkDebugTestIosSimulatorArm64
warning: /Users/runner/work/ktcrypto/ktcrypto/library/build/swiftklib/KtCrypto/iosSimulatorArm64/swiftBuild/.build/arm64-apple-macosx/release/ModuleCache/3KEURXHTBV2EJ/Foundation-26APARFLUI2TQ.pcm: No such file or directory
note: while processing /Users/runner/work/ktcrypto/ktcrypto/library/build/swiftklib/KtCrypto/iosSimulatorArm64/swiftBuild/.build/arm64-apple-macosx/release/ModuleCache/3KEURXHTBV2EJ/Foundation-26APARFLUI2TQ.pcm
note: Linking a static library that was built with -gmodules, but the module cache was not found.  Redistributable static libraries should never be built with module debugging enabled.  The debug experience will be degraded due to incomplete debug information.
warning: /Users/runner/work/ktcrypto/ktcrypto/library/build/swiftklib/KtCrypto/iosSimulatorArm64/swiftBuild/.build/arm64-apple-macosx/release/ModuleCache/3KEURXHTBV2EJ/_SwiftConcurrencyShims-1O6J4FRGOX9K.pcm: No such file or directory
note: while processing /Users/runner/work/ktcrypto/ktcrypto/library/build/swiftklib/KtCrypto/iosSimulatorArm64/swiftBuild/.build/arm64-apple-macosx/release/ModuleCache/3KEURXHTBV2EJ/_SwiftConcurrencyShims-1O6J4FRGOX9K.pcm

> Task :connector:jsTestTestDevelopmentExecutableCompileSync
> Task :connector:jsNodeTest
> Task :connector:iosSimulatorArm64Test
> Task :api:generateCodegenFixtures
> Task :api:jsProcessResources NO-SOURCE
> Task :api:jsMainClasses
> Task :api:jsTestProcessResources NO-SOURCE
> Task :api:kotlinNodeJsSetup
> Task :api:iosSimulatorArm64ProcessResources NO-SOURCE
> Task :api:iosSimulatorArm64MainKlibrary
> Task :api:compileTestKotlinJs
> Task :api:compileTestKotlinIosSimulatorArm64
> Task :api:jsTestClasses
> Task :api:linkDebugTestIosSimulatorArm64
> Task :api:compileTestDevelopmentExecutableKotlinJs
> Task :api:iosSimulatorArm64Test
> Task :api:jsTestTestDevelopmentExecutableCompileSync
> Task :api:jsNodeTest
> Task :observability-api:jsProcessResources NO-SOURCE
> Task :observability-api:jsMainClasses
> Task :observability-api:jsTestProcessResources NO-SOURCE
> Task :observability-api:kotlinNodeJsSetup
> Task :observability-api:iosSimulatorArm64ProcessResources NO-SOURCE
> Task :observability-api:iosSimulatorArm64MainKlibrary

> Task :observability-api:compileTestKotlinJs
w: file:///Users/mikeroberts/workspace/latenighthack/.worktrees/lockers-review-platform-final/observability-api/src/commonTest/kotlin/com/latenighthack/lockers/observability/TelemetryTest.kt:34:104 The corresponding parameter in the supertype 'LockersTelemetry' is named 'outcome'. This may cause problems when calling this function with named arguments.

> Task :observability-api:compileTestKotlinIosSimulatorArm64
w: file:///Users/mikeroberts/workspace/latenighthack/.worktrees/lockers-review-platform-final/observability-api/src/commonTest/kotlin/com/latenighthack/lockers/observability/TelemetryTest.kt:34:104 The corresponding parameter in the supertype 'LockersTelemetry' is named 'outcome'. This may cause problems when calling this function with named arguments.

> Task :observability-api:jsTestClasses
> Task :observability-api:linkDebugTestIosSimulatorArm64
> Task :observability-api:iosSimulatorArm64Test
> Task :observability-api:compileTestDevelopmentExecutableKotlinJs
> Task :observability-api:jsTestTestDevelopmentExecutableCompileSync
> Task :observability-api:jsNodeTest

[Incubating] Problems report is available at: file:///Users/mikeroberts/workspace/latenighthack/.worktrees/lockers-review-platform-final/build/reports/problems/problems-report.html

Deprecated Gradle features were used in this build, making it incompatible with Gradle 10.

You can use '--warning-mode all' to show the individual deprecation warnings and determine if they come from your own scripts or plugins.

For more on this, please refer to https://docs.gradle.org/9.5.1/userguide/command_line_interface.html#sec:command_line_warnings in the Gradle documentation.

BUILD SUCCESSFUL in 1m 12s
88 actionable tasks: 88 executed
Consider enabling configuration cache to speed up this build: https://docs.gradle.org/9.5.1/userguide/configuration_cache_enabling.html
