Starting a Gradle Daemon, 1 busy and 2 incompatible and 14 stopped Daemons could not be reused, use --status for details
Type-safe project accessors is an incubating feature.
Warning: SDK processing. This version only understands SDK XML versions up to 3 but an SDK XML file of version 4 was encountered. This can happen if you use versions of Android Studio and the command-line tools that were released at different times.
Configuration 'jsNpmAggregated' was resolved during configuration time.
This is a build performance and scalability issue.
See https://github.com/gradle/gradle/issues/2298
Run with --info for a stacktrace.
Configuration 'jsTestNpmAggregated' was resolved during configuration time.
This is a build performance and scalability issue.
See https://github.com/gradle/gradle/issues/2298
Run with --info for a stacktrace.
Configuration 'jsNpmAggregated' was resolved during configuration time.
This is a build performance and scalability issue.
See https://github.com/gradle/gradle/issues/2298
Run with --info for a stacktrace.
Configuration 'jsTestNpmAggregated' was resolved during configuration time.
This is a build performance and scalability issue.
See https://github.com/gradle/gradle/issues/2298
Run with --info for a stacktrace.
Configuration 'jsNpmAggregated' was resolved during configuration time.
This is a build performance and scalability issue.
See https://github.com/gradle/gradle/issues/2298
Run with --info for a stacktrace.
Configuration 'jsTestNpmAggregated' was resolved during configuration time.
This is a build performance and scalability issue.
See https://github.com/gradle/gradle/issues/2298
Run with --info for a stacktrace.
Configuration 'jsNpmAggregated' was resolved during configuration time.
This is a build performance and scalability issue.
See https://github.com/gradle/gradle/issues/2298
Run with --info for a stacktrace.
Configuration 'jsTestNpmAggregated' was resolved during configuration time.
This is a build performance and scalability issue.
See https://github.com/gradle/gradle/issues/2298
Run with --info for a stacktrace.
Build was configured to prefer settings repositories over project repositories but repository 'Distributions at https://nodejs.org/dist' was added by unknown code
Build was configured to prefer settings repositories over project repositories but repository 'Distributions at https://github.com/yarnpkg/yarn/releases/download' was added by unknown code
Build was configured to prefer settings repositories over project repositories but repository 'Distributions at https://nodejs.org/dist' was added by unknown code
Build was configured to prefer settings repositories over project repositories but repository 'Distributions at https://nodejs.org/dist' was added by unknown code
> Task :observability-api:kmpPartiallyResolvedDependenciesChecker
> Task :observability-api:checkKotlinGradlePluginConfigurationErrors SKIPPED
> Task :observability-api:preBuild UP-TO-DATE
> Task :observability-api:preDebugBuild UP-TO-DATE
> Task :observability-api:generateDebugResValues UP-TO-DATE
> Task :observability-api:generateDebugResources UP-TO-DATE
> Task :observability-api:packageDebugResources UP-TO-DATE
> Task :observability-api:processDebugNavigationResources UP-TO-DATE
> Task :observability-api:parseDebugLocalResources UP-TO-DATE
> Task :observability-api:generateDebugRFile UP-TO-DATE
> Task :observability-api:generateMonitoringVersion UP-TO-DATE
> Task :observability-api:compileDebugKotlinAndroid UP-TO-DATE
> Task :observability-api:javaPreCompileDebug UP-TO-DATE
> Task :observability-api:compileDebugJavaWithJavac NO-SOURCE
> Task :observability-api:bundleLibCompileToJarDebug UP-TO-DATE
> Task :observability-connector:kmpPartiallyResolvedDependenciesChecker
> Task :observability-connector:checkKotlinGradlePluginConfigurationErrors SKIPPED
> Task :observability-connector:preBuild UP-TO-DATE
> Task :observability-connector:preDebugBuild UP-TO-DATE
> Task :observability-connector:generateDebugResValues
> Task :observability-connector:generateDebugResources
> Task :observability-connector:packageDebugResources
> Task :observability-connector:processDebugNavigationResources
> Task :kotlinKotlinNpmCachesSetup
> Task :observability-connector:parseDebugLocalResources
> Task :kotlinNodeJsSetup UP-TO-DATE
> Task :kotlinRestoreYarnLock UP-TO-DATE
> Task :kotlinYarnSetup UP-TO-DATE
> Task :api:jsPackageJson UP-TO-DATE
> Task :observability-connector:generateDebugRFile
> Task :api:jsTestPackageJson UP-TO-DATE
> Task :observability-api:jsPackageJson UP-TO-DATE
> Task :connector:jsPackageJson UP-TO-DATE
> Task :connector:jsTestPackageJson UP-TO-DATE
> Task :observability-api:jsTestPackageJson UP-TO-DATE
> Task :observability-connector:jsPackageJson UP-TO-DATE
> Task :observability-connector:jsTestPackageJson UP-TO-DATE
> Task :api:jsPublicPackageJson UP-TO-DATE
> Task :api:jsTestPublicPackageJson
> Task :connector:jsPublicPackageJson UP-TO-DATE
> Task :connector:jsTestPublicPackageJson
> Task :observability-api:jsPublicPackageJson UP-TO-DATE
> Task :observability-api:jsTestPublicPackageJson
> Task :observability-connector:jsPublicPackageJson UP-TO-DATE
> Task :observability-connector:jsTestPublicPackageJson
> Task :kotlinPackageJsonUmbrella
> Task :rootPackageJson UP-TO-DATE
> Task :kotlinNpmInstall UP-TO-DATE
> Task :kotlinStoreYarnLock UP-TO-DATE
> Task :observability-api:compileKotlinJs UP-TO-DATE
> Task :observability-connector:jsProcessResources NO-SOURCE
> Task :observability-connector:jsTestProcessResources NO-SOURCE
> Task :observability-connector:compileDebugKotlinAndroid
> Task :observability-connector:compileKotlinJs
> Task :observability-connector:kotlinNodeJsSetup
> Task :observability-connector:jsMainClasses
> Task :observability-connector:compileTestKotlinJs
> Task :observability-api:downloadKotlinNativeDistribution UP-TO-DATE
> Task :observability-connector:jsTestClasses
> Task :observability-api:compileKotlinIosSimulatorArm64 UP-TO-DATE
> Task :observability-connector:downloadKotlinNativeDistribution
> Task :observability-connector:compileKotlinIosSimulatorArm64
> Task :observability-connector:iosSimulatorArm64ProcessResources NO-SOURCE
> Task :observability-connector:iosSimulatorArm64MainKlibrary
> Task :observability-connector:compileTestDevelopmentExecutableKotlinJs
> Task :observability-connector:compileTestKotlinIosSimulatorArm64
> Task :observability-connector:jsTestTestDevelopmentExecutableCompileSync
> Task :observability-connector:jsNodeTest
> Task :observability-connector:linkDebugTestIosSimulatorArm64
> Task :observability-connector:iosSimulatorArm64Test
> Task :api:kmpPartiallyResolvedDependenciesChecker
> Task :api:checkKotlinGradlePluginConfigurationErrors SKIPPED
> Task :api:installProtocGenKt UP-TO-DATE
> Task :api:generateProto UP-TO-DATE
> Task :api:compileKotlinJs UP-TO-DATE
> Task :connector:kmpPartiallyResolvedDependenciesChecker
> Task :connector:checkKotlinGradlePluginConfigurationErrors SKIPPED
> Task :connector:compileKotlinJs UP-TO-DATE
> Task :connector:jsProcessResources NO-SOURCE
> Task :connector:jsMainClasses UP-TO-DATE
> Task :connector:compileTestKotlinJs UP-TO-DATE
> Task :connector:jsTestProcessResources NO-SOURCE
> Task :connector:jsTestClasses UP-TO-DATE
> Task :connector:compileTestDevelopmentExecutableKotlinJs UP-TO-DATE
> Task :connector:jsTestTestDevelopmentExecutableCompileSync UP-TO-DATE
> Task :connector:kotlinNodeJsSetup UP-TO-DATE

> Task :connector:jsBrowserTest
> Task :api:preBuild UP-TO-DATE
> Task :api:preDebugBuild UP-TO-DATE
> Task :api:generateDebugResValues UP-TO-DATE
> Task :api:generateDebugResources UP-TO-DATE
> Task :api:packageDebugResources UP-TO-DATE
> Task :api:processDebugNavigationResources UP-TO-DATE
> Task :api:parseDebugLocalResources UP-TO-DATE
> Task :api:generateDebugRFile UP-TO-DATE
> Task :api:compileDebugKotlinAndroid UP-TO-DATE
> Task :api:javaPreCompileDebug UP-TO-DATE
> Task :api:compileDebugJavaWithJavac NO-SOURCE
> Task :api:bundleLibCompileToJarDebug UP-TO-DATE
> Task :connector:preBuild UP-TO-DATE
> Task :connector:preDebugBuild UP-TO-DATE
> Task :connector:generateDebugResValues UP-TO-DATE
> Task :connector:generateDebugResources UP-TO-DATE
> Task :connector:packageDebugResources UP-TO-DATE
> Task :connector:processDebugNavigationResources UP-TO-DATE
> Task :connector:parseDebugLocalResources UP-TO-DATE
> Task :connector:generateDebugRFile UP-TO-DATE
> Task :connector:compileDebugKotlinAndroid UP-TO-DATE
> Task :connector:javaPreCompileDebug
> Task :connector:compileDebugJavaWithJavac NO-SOURCE
> Task :api:compileDebugLibraryResources
> Task :connector:preDebugAndroidTestBuild UP-TO-DATE
> Task :api:writeDebugAarMetadata
> Task :connector:writeDebugAarMetadata
> Task :observability-api:writeDebugAarMetadata
> Task :connector:processDebugAndroidTestNavigationResources
> Task :connector:checkDebugAndroidTestAarMetadata
> Task :connector:compileDebugLibraryResources
> Task :connector:compileDebugAndroidTestNavigationResources
> Task :connector:generateDebugAndroidTestResValues
> Task :connector:mapDebugAndroidTestSourceSetPaths
> Task :connector:generateDebugAndroidTestResources
> Task :connector:mergeDebugAndroidTestResources
> Task :api:extractDeepLinksDebug
> Task :connector:extractDeepLinksDebug
> Task :observability-api:extractDeepLinksDebug
> Task :observability-api:compileDebugLibraryResources
> Task :connector:javaPreCompileDebugAndroidTest
> Task :connector:bundleLibCompileToJarDebug
> Task :api:mergeDebugShaders
> Task :api:compileDebugShaders NO-SOURCE
> Task :api:debugAssetsCopyForAGP NO-SOURCE
> Task :api:generateDebugAssets UP-TO-DATE
> Task :api:mergeDebugAssets
> Task :connector:mergeDebugAndroidTestShaders
> Task :connector:compileDebugAndroidTestShaders NO-SOURCE
> Task :connector:generateDebugAndroidTestAssets UP-TO-DATE
> Task :connector:mergeDebugShaders
> Task :connector:compileDebugShaders NO-SOURCE
> Task :connector:debugAssetsCopyForAGP NO-SOURCE
> Task :connector:generateDebugAssets UP-TO-DATE
> Task :connector:mergeDebugAssets
> Task :connector:processDebugManifest
> Task :observability-api:processDebugManifest
> Task :api:processDebugManifest
> Task :observability-api:mergeDebugShaders

> Task :connector:processDebugAndroidTestManifest
[com.latenighthack.ktbuf:ktbuf-rpc-android:1.1.10-fh.9c3962ea021c76107b84] /Users/mikeroberts/.gradle/caches/9.5.1/transforms/d35761be0e69b0cfc47707e1de2dd92c/transformed/rpc-release/AndroidManifest.xml Warning:
	Namespace 'com.latenighthack.ktbuf' is used in multiple modules and/or libraries: com.latenighthack.ktbuf:ktbuf-rpc-android:1.1.10-fh.9c3962ea021c76107b84, com.latenighthack.ktbuf:ktbuf-library-android:1.1.10-fh.9c3962ea021c76107b84. Please ensure that all modules and libraries have a unique namespace. For more information, See https://developer.android.com/studio/build/configure-app-module#set-namespace

> Task :observability-api:compileDebugShaders NO-SOURCE
> Task :observability-api:debugAssetsCopyForAGP NO-SOURCE
> Task :observability-api:generateDebugAssets UP-TO-DATE
> Task :observability-api:mergeDebugAssets
> Task :connector:mergeDebugAndroidTestAssets
> Task :connector:compressDebugAndroidTestAssets
> Task :connector:desugarDebugAndroidTestFileDependencies
> Task :observability-api:bundleLibRuntimeToJarDebug
> Task :api:processDebugJavaRes
> Task :connector:bundleLibRuntimeToJarDebug
> Task :connector:processDebugJavaRes
> Task :observability-api:processDebugJavaRes
> Task :connector:checkDebugAndroidTestDuplicateClasses
> Task :api:mergeDebugJniLibFolders
> Task :observability-api:bundleLibRuntimeToDirDebug
> Task :connector:processDebugAndroidTestResources
> Task :api:bundleLibRuntimeToJarDebug
> Task :connector:bundleLibRuntimeToDirDebug
> Task :api:mergeDebugNativeLibs NO-SOURCE
> Task :api:copyDebugJniLibsProjectOnly
> Task :connector:mergeDebugJniLibFolders
> Task :connector:mergeDebugNativeLibs NO-SOURCE
> Task :connector:copyDebugJniLibsProjectOnly
> Task :connector:mergeDebugAndroidTestJniLibFolders
> Task :observability-api:mergeDebugJniLibFolders
> Task :observability-api:mergeDebugNativeLibs NO-SOURCE
> Task :observability-api:copyDebugJniLibsProjectOnly
> Task :connector:validateSigningDebugAndroidTest
> Task :connector:mergeDebugAndroidTestNativeLibs NO-SOURCE
> Task :connector:stripDebugAndroidTestDebugSymbols NO-SOURCE
> Task :connector:writeDebugAndroidTestSigningConfigVersions
> Task :api:bundleLibRuntimeToDirDebug
> Task :connector:compileDebugAndroidTestKotlinAndroid
> Task :connector:compileDebugAndroidTestJavaWithJavac NO-SOURCE
> Task :connector:dexBuilderDebugAndroidTest
> Task :connector:processDebugAndroidTestJavaRes
> Task :connector:mergeProjectDexDebugAndroidTest
> Task :connector:mergeDebugAndroidTestJavaResource
> Task :connector:mergeExtDexDebugAndroidTest
> Task :connector:mergeDebugAndroidTestGlobalSynthetics
> Task :connector:mergeLibDexDebugAndroidTest
> Task :connector:packageDebugAndroidTest
> Task :connector:createDebugAndroidTestApkListingFileRedirect

> Task :connector:connectedDebugAndroidTest
Starting 7 tests on LockersReview(AVD) - 14

Finished 7 tests on LockersReview(AVD) - 14

[Incubating] Problems report is available at: file:///Users/mikeroberts/workspace/latenighthack/.worktrees/lockers-review-platform-final/build/reports/problems/problems-report.html

Deprecated Gradle features were used in this build, making it incompatible with Gradle 10.

You can use '--warning-mode all' to show the individual deprecation warnings and determine if they come from your own scripts or plugins.

For more on this, please refer to https://docs.gradle.org/9.5.1/userguide/command_line_interface.html#sec:command_line_warnings in the Gradle documentation.

BUILD SUCCESSFUL in 45s
147 actionable tasks: 92 executed, 55 up-to-date
Consider enabling configuration cache to speed up this build: https://docs.gradle.org/9.5.1/userguide/configuration_cache_enabling.html
