
> Configure project :browser-tests
w: ⚠️ Deprecated Gradle Property 'kotlin.js.compiler' Used
The `kotlin.js.compiler` deprecated property is used in your build.
Solution: It is unsupported, please stop using it.


> Task :migration-gradle-plugin:compileJava UP-TO-DATE
> Task :migration-gradle-plugin:pluginDescriptors UP-TO-DATE
> Task :migration-gradle-plugin:processResources UP-TO-DATE
> Task :migration-gradle-plugin:classes UP-TO-DATE
> Task :migration-gradle-plugin:jar UP-TO-DATE
> Task :library:kmpPartiallyResolvedDependenciesChecker
> Task :library:checkKotlinGradlePluginConfigurationErrors SKIPPED
> Task :library:jvmProcessResources NO-SOURCE
> Task :library:processJvmMainResources SKIPPED
> Task :library:jvmTestProcessResources NO-SOURCE
> Task :library:processJvmTestResources SKIPPED
> Task :library:compileKotlinJvm
> Task :library:compileJvmMainJava NO-SOURCE
> Task :library:jvmMainClasses
> Task :library:jvmJar
> Task :library:compileTestKotlinJvm UP-TO-DATE
> Task :library:compileJvmTestJava NO-SOURCE
> Task :library:jvmTestClasses UP-TO-DATE
> Task :library:jvmTest

BUILD SUCCESSFUL in 5s
9 actionable tasks: 4 executed, 5 up-to-date
