
> Configure project :browser-tests
w: [33m[1m⚠️ Deprecated Gradle Property 'kotlin.js.compiler' Used[0m[0m
The `kotlin.js.compiler` deprecated property is used in your build.
[32m[1mSolution:[0m[0m
[32m[3mIt is unsupported, please stop using it.[0m[0m


> Task :migration-gradle-plugin:compileJava UP-TO-DATE
> Task :migration-gradle-plugin:pluginDescriptors UP-TO-DATE
> Task :migration-gradle-plugin:processResources UP-TO-DATE
> Task :migration-gradle-plugin:classes UP-TO-DATE
> Task :migration-gradle-plugin:jar UP-TO-DATE
> Task :kotlinKotlinNpmCachesSetup
> Task :kotlinNodeJsSetup UP-TO-DATE
> Task :kotlinRestoreYarnLock
> Task :kotlinYarnSetup UP-TO-DATE
> Task :library:jsPackageJson UP-TO-DATE
> Task :browser-tests:jsPackageJson UP-TO-DATE
> Task :browser-tests:jsTestPackageJson UP-TO-DATE
> Task :library:jsTestPackageJson UP-TO-DATE
> Task :browser-tests:jsPublicPackageJson UP-TO-DATE
> Task :browser-tests:jsTestPublicPackageJson UP-TO-DATE
> Task :library:jsPublicPackageJson UP-TO-DATE
> Task :library:jsTestPublicPackageJson UP-TO-DATE
> Task :kotlinPackageJsonUmbrella UP-TO-DATE
> Task :rootPackageJson UP-TO-DATE
> Task :kotlinNpmInstall UP-TO-DATE
> Task :kotlinStoreYarnLock UP-TO-DATE
> Task :library:kmpPartiallyResolvedDependenciesChecker
> Task :library:checkKotlinGradlePluginConfigurationErrors SKIPPED
> Task :library:compileKotlinJs UP-TO-DATE
> Task :library:jsProcessResources NO-SOURCE
> Task :library:jsMainClasses UP-TO-DATE
> Task :library:jsTestProcessResources NO-SOURCE
> Task :library:kotlinNodeJsSetup UP-TO-DATE
> Task :library:compileTestKotlinJs
> Task :library:jsTestClasses
> Task :library:compileTestDevelopmentExecutableKotlinJs
> Task :library:jsTestTestDevelopmentExecutableCompileSync


com.latenighthack.ktstore.IndexedDbLogicalTransactionTest.logicalOwnerSerializesTwoHandlesAndRollsBackAllStores[js, browser, ChromeHeadless155.0.0.0, MacOS10.15.7] FAILED
    InvalidUsage at /var/folders/jw/4gwq2hnn3kd168w_cnp3yg8h0000gp/T/_karma_webpack_887695/commons.js:73300

> Task :library:jsBrowserTest

45 tests completed, 1 failed

> Task :library:jsBrowserTest FAILED

FAILURE: Build failed with an exception.

* What went wrong:
Execution failed for task ':library:jsBrowserTest'.
> There were failing tests. See the report at: file:///Users/mikeroberts/workspace/latenighthack/.worktrees/ktstore-review-indexeddb-owners/library/build/reports/tests/jsBrowserTest/index.html

* Try:
> Run with --scan to get full insights.

BUILD FAILED in 19s
26 actionable tasks: 7 executed, 19 up-to-date
