Starting a Gradle Daemon, 2 busy and 2 incompatible and 26 stopped Daemons could not be reused, use --status for details
Type-safe project accessors is an incubating feature.
Configuration 'jsNpmAggregated' was resolved during configuration time.
This is a build performance and scalability issue.
See https://github.com/gradle/gradle/issues/2298
Run with --info for a stacktrace.
Configuration 'jsTestNpmAggregated' was resolved during configuration time.
This is a build performance and scalability issue.
See https://github.com/gradle/gradle/issues/2298
Run with --info for a stacktrace.
Configuration 'jsNpmAggregated' was resolved during configuration time.
This is a build performance and scalability issue.
See https://github.com/gradle/gradle/issues/2298
Run with --info for a stacktrace.
Configuration 'jsTestNpmAggregated' was resolved during configuration time.
This is a build performance and scalability issue.
See https://github.com/gradle/gradle/issues/2298
Run with --info for a stacktrace.
Configuration 'jsNpmAggregated' was resolved during configuration time.
This is a build performance and scalability issue.
See https://github.com/gradle/gradle/issues/2298
Run with --info for a stacktrace.
Configuration 'jsTestNpmAggregated' was resolved during configuration time.
This is a build performance and scalability issue.
See https://github.com/gradle/gradle/issues/2298
Run with --info for a stacktrace.
Configuration 'jsNpmAggregated' was resolved during configuration time.
This is a build performance and scalability issue.
See https://github.com/gradle/gradle/issues/2298
Run with --info for a stacktrace.
Configuration 'jsTestNpmAggregated' was resolved during configuration time.
This is a build performance and scalability issue.
See https://github.com/gradle/gradle/issues/2298
Run with --info for a stacktrace.
Build was configured to prefer settings repositories over project repositories but repository 'Distributions at https://nodejs.org/dist' was added by unknown code
Build was configured to prefer settings repositories over project repositories but repository 'Distributions at https://github.com/yarnpkg/yarn/releases/download' was added by unknown code
Build was configured to prefer settings repositories over project repositories but repository 'Distributions at https://nodejs.org/dist' was added by unknown code
Warning: SDK processing. This version only understands SDK XML versions up to 3 but an SDK XML file of version 4 was encountered. This can happen if you use versions of Android Studio and the command-line tools that were released at different times.
> Task :kotlinKotlinNpmCachesSetup
> Task :kotlinNodeJsSetup UP-TO-DATE
> Task :kotlinRestoreYarnLock UP-TO-DATE
> Task :kotlinYarnSetup UP-TO-DATE
> Task :api:jsPackageJson UP-TO-DATE
> Task :api:jsTestPackageJson UP-TO-DATE
> Task :observability-api:jsPackageJson UP-TO-DATE
> Task :connector:jsPackageJson
> Task :connector:jsTestPackageJson
> Task :observability-api:jsTestPackageJson UP-TO-DATE
> Task :observability-connector:jsPackageJson UP-TO-DATE
> Task :observability-connector:jsTestPackageJson UP-TO-DATE
> Task :api:jsPublicPackageJson UP-TO-DATE
> Task :api:jsTestPublicPackageJson UP-TO-DATE
> Task :connector:jsPublicPackageJson UP-TO-DATE
> Task :connector:jsTestPublicPackageJson UP-TO-DATE
> Task :observability-api:jsPublicPackageJson UP-TO-DATE
> Task :observability-api:jsTestPublicPackageJson UP-TO-DATE
> Task :observability-connector:jsPublicPackageJson UP-TO-DATE
> Task :observability-connector:jsTestPublicPackageJson UP-TO-DATE
> Task :kotlinPackageJsonUmbrella
> Task :rootPackageJson UP-TO-DATE
> Task :kotlinNpmInstall UP-TO-DATE
> Task :kotlinStoreYarnLock UP-TO-DATE
> Task :api:kmpPartiallyResolvedDependenciesChecker
> Task :api:checkKotlinGradlePluginConfigurationErrors SKIPPED
> Task :api:installProtocGenKt UP-TO-DATE
> Task :api:generateProto UP-TO-DATE
> Task :api:compileKotlinJs UP-TO-DATE
> Task :connector:kmpPartiallyResolvedDependenciesChecker
> Task :connector:checkKotlinGradlePluginConfigurationErrors SKIPPED
> Task :observability-api:kmpPartiallyResolvedDependenciesChecker
> Task :observability-api:checkKotlinGradlePluginConfigurationErrors SKIPPED
> Task :observability-api:generateMonitoringVersion UP-TO-DATE
> Task :observability-api:compileKotlinJs UP-TO-DATE
> Task :connector:jsProcessResources NO-SOURCE
> Task :connector:jsTestProcessResources NO-SOURCE
> Task :connector:kotlinNodeJsSetup UP-TO-DATE

> Task :connector:compileKotlinJs
w: file:///Users/mikeroberts/workspace/latenighthack/.worktrees/lockers-review-archive-v2/connector/src/commonMain/kotlin/com/latenighthack/lockers/connector/LockerClient.kt:594:76 Elvis operator (?:) always returns the left operand of non-nullable type 'Long'.
w: file:///Users/mikeroberts/workspace/latenighthack/.worktrees/lockers-review-archive-v2/connector/src/commonMain/kotlin/com/latenighthack/lockers/connector/LockerClient.kt:783:68 Unnecessary non-null assertion (!!) on a non-null receiver of type 'Locker'.
w: file:///Users/mikeroberts/workspace/latenighthack/.worktrees/lockers-review-archive-v2/connector/src/commonMain/kotlin/com/latenighthack/lockers/connector/LockerClient.kt:1503:48 Unnecessary safe call on a non-null receiver of type 'RoomId'.
w: file:///Users/mikeroberts/workspace/latenighthack/.worktrees/lockers-review-archive-v2/connector/src/commonMain/kotlin/com/latenighthack/lockers/connector/StreamConnectionState.kt:18:105 This class or interface requires opt-in to be implemented: Inheriting from this kotlinx.coroutines API is unstable. Either new methods may be added in the future, which would break the inheritance, or correctly inheriting from it requires fulfilling contracts that may change in the future.

> Task :api:downloadKotlinNativeDistribution UP-TO-DATE
> Task :connector:jsMainClasses
> Task :connector:compileTestKotlinJs
> Task :api:compileKotlinIosSimulatorArm64 UP-TO-DATE
> Task :connector:jsTestClasses
> Task :connector:downloadKotlinNativeDistribution UP-TO-DATE
> Task :observability-api:downloadKotlinNativeDistribution UP-TO-DATE
> Task :observability-api:compileKotlinIosSimulatorArm64 UP-TO-DATE
> Task :connector:compileTestDevelopmentExecutableKotlinJs

> Task :connector:compileKotlinIosSimulatorArm64
w: file:///Users/mikeroberts/workspace/latenighthack/.worktrees/lockers-review-archive-v2/connector/src/commonMain/kotlin/com/latenighthack/lockers/connector/LockerClient.kt:594:76 Elvis operator (?:) always returns the left operand of non-nullable type 'Long'.
w: file:///Users/mikeroberts/workspace/latenighthack/.worktrees/lockers-review-archive-v2/connector/src/commonMain/kotlin/com/latenighthack/lockers/connector/LockerClient.kt:783:68 Unnecessary non-null assertion (!!) on a non-null receiver of type 'Locker'.
w: file:///Users/mikeroberts/workspace/latenighthack/.worktrees/lockers-review-archive-v2/connector/src/commonMain/kotlin/com/latenighthack/lockers/connector/LockerClient.kt:1503:48 Unnecessary safe call on a non-null receiver of type 'RoomId'.
w: file:///Users/mikeroberts/workspace/latenighthack/.worktrees/lockers-review-archive-v2/connector/src/commonMain/kotlin/com/latenighthack/lockers/connector/StreamConnectionState.kt:18:105 This class or interface requires opt-in to be implemented: Inheriting from this kotlinx.coroutines API is unstable. Either new methods may be added in the future, which would break the inheritance, or correctly inheriting from it requires fulfilling contracts that may change in the future.

> Task :connector:jsTestTestDevelopmentExecutableCompileSync

> Task :connector:jsBrowserTest
> Task :connector:iosSimulatorArm64ProcessResources NO-SOURCE
> Task :connector:iosSimulatorArm64MainKlibrary
> Task :connector:compileTestKotlinIosSimulatorArm64

> Task :connector:linkDebugTestIosSimulatorArm64
warning: /Users/runner/work/ktcrypto/ktcrypto/library/build/swiftklib/KtCrypto/iosSimulatorArm64/swiftBuild/.build/arm64-apple-macosx/release/ModuleCache/3KEURXHTBV2EJ/Foundation-26APARFLUI2TQ.pcm: No such file or directory
note: while processing /Users/runner/work/ktcrypto/ktcrypto/library/build/swiftklib/KtCrypto/iosSimulatorArm64/swiftBuild/.build/arm64-apple-macosx/release/ModuleCache/3KEURXHTBV2EJ/Foundation-26APARFLUI2TQ.pcm
note: Linking a static library that was built with -gmodules, but the module cache was not found.  Redistributable static libraries should never be built with module debugging enabled.  The debug experience will be degraded due to incomplete debug information.
warning: /Users/runner/work/ktcrypto/ktcrypto/library/build/swiftklib/KtCrypto/iosSimulatorArm64/swiftBuild/.build/arm64-apple-macosx/release/ModuleCache/3KEURXHTBV2EJ/_SwiftConcurrencyShims-1O6J4FRGOX9K.pcm: No such file or directory
note: while processing /Users/runner/work/ktcrypto/ktcrypto/library/build/swiftklib/KtCrypto/iosSimulatorArm64/swiftBuild/.build/arm64-apple-macosx/release/ModuleCache/3KEURXHTBV2EJ/_SwiftConcurrencyShims-1O6J4FRGOX9K.pcm

> Task :connector:iosSimulatorArm64Test
> Task :api:preBuild UP-TO-DATE
> Task :api:preDebugBuild UP-TO-DATE
> Task :api:generateDebugResValues
> Task :api:generateDebugResources
> Task :api:packageDebugResources
> Task :api:processDebugNavigationResources
> Task :connector:preBuild UP-TO-DATE
> Task :connector:preDebugBuild UP-TO-DATE
> Task :connector:generateDebugResValues
> Task :api:javaPreCompileDebug
> Task :connector:generateDebugResources
> Task :connector:packageDebugResources
> Task :connector:processDebugNavigationResources
> Task :observability-api:preBuild UP-TO-DATE
> Task :observability-api:preDebugBuild UP-TO-DATE
> Task :observability-api:generateDebugResValues
> Task :observability-api:generateDebugResources
> Task :observability-api:packageDebugResources
> Task :observability-api:processDebugNavigationResources
> Task :observability-api:javaPreCompileDebug
> Task :connector:javaPreCompileDebug
> Task :api:parseDebugLocalResources
> Task :connector:parseDebugLocalResources
> Task :observability-api:parseDebugLocalResources
> Task :api:compileDebugLibraryResources
> Task :connector:preDebugAndroidTestBuild UP-TO-DATE
> Task :api:writeDebugAarMetadata
> Task :connector:writeDebugAarMetadata
> Task :observability-api:writeDebugAarMetadata
> Task :connector:processDebugAndroidTestNavigationResources
> Task :api:generateDebugRFile
> Task :connector:generateDebugRFile
> Task :observability-api:generateDebugRFile
> Task :connector:checkDebugAndroidTestAarMetadata
> Task :connector:compileDebugAndroidTestNavigationResources
> Task :connector:compileDebugLibraryResources
> Task :connector:generateDebugAndroidTestResValues
> Task :connector:mapDebugAndroidTestSourceSetPaths
> Task :connector:generateDebugAndroidTestResources
> Task :connector:mergeDebugAndroidTestResources
> Task :api:extractDeepLinksDebug
> Task :connector:extractDeepLinksDebug
> Task :observability-api:extractDeepLinksDebug
> Task :observability-api:compileDebugLibraryResources
> Task :connector:javaPreCompileDebugAndroidTest
> Task :api:mergeDebugShaders
> Task :api:compileDebugShaders NO-SOURCE
> Task :api:debugAssetsCopyForAGP NO-SOURCE
> Task :api:generateDebugAssets UP-TO-DATE
> Task :api:mergeDebugAssets
> Task :connector:mergeDebugAndroidTestShaders
> Task :connector:compileDebugAndroidTestShaders NO-SOURCE
> Task :connector:generateDebugAndroidTestAssets UP-TO-DATE
> Task :connector:mergeDebugShaders
> Task :connector:compileDebugShaders NO-SOURCE
> Task :connector:debugAssetsCopyForAGP NO-SOURCE
> Task :connector:generateDebugAssets UP-TO-DATE
> Task :connector:mergeDebugAssets
> Task :observability-api:mergeDebugShaders
> Task :observability-api:compileDebugShaders NO-SOURCE
> Task :observability-api:debugAssetsCopyForAGP NO-SOURCE
> Task :observability-api:generateDebugAssets UP-TO-DATE
> Task :connector:processDebugManifest
> Task :observability-api:processDebugManifest
> Task :api:processDebugManifest
> Task :observability-api:mergeDebugAssets

> Task :connector:processDebugAndroidTestManifest
[com.latenighthack.ktbuf:ktbuf-rpc-android:1.1.10-fh.9c3962ea021c76107b84] /Users/mikeroberts/.gradle/caches/9.5.1/transforms/d35761be0e69b0cfc47707e1de2dd92c/transformed/rpc-release/AndroidManifest.xml Warning:
	Namespace 'com.latenighthack.ktbuf' is used in multiple modules and/or libraries: com.latenighthack.ktbuf:ktbuf-rpc-android:1.1.10-fh.9c3962ea021c76107b84, com.latenighthack.ktbuf:ktbuf-library-android:1.1.10-fh.9c3962ea021c76107b84. Please ensure that all modules and libraries have a unique namespace. For more information, See https://developer.android.com/studio/build/configure-app-module#set-namespace

> Task :connector:mergeDebugAndroidTestAssets
> Task :connector:compressDebugAndroidTestAssets
> Task :connector:desugarDebugAndroidTestFileDependencies
> Task :api:mergeDebugJniLibFolders
> Task :connector:checkDebugAndroidTestDuplicateClasses
> Task :observability-api:compileDebugKotlinAndroid
> Task :connector:processDebugAndroidTestResources

> Task :api:compileDebugKotlinAndroid
w: file:///Users/mikeroberts/workspace/latenighthack/.worktrees/lockers-review-archive-v2/api/build/generated/ktproto/kotlin/com/google/protobuf/descriptor.data.kt:81:63 Redundant call of conversion method.
w: file:///Users/mikeroberts/workspace/latenighthack/.worktrees/lockers-review-archive-v2/api/build/generated/ktproto/kotlin/com/google/protobuf/descriptor.data.kt:320:67 Redundant call of conversion method.
w: file:///Users/mikeroberts/workspace/latenighthack/.worktrees/lockers-review-archive-v2/api/build/generated/ktproto/kotlin/com/google/protobuf/descriptor.data.kt:992:67 Redundant call of conversion method.
w: file:///Users/mikeroberts/workspace/latenighthack/.worktrees/lockers-review-archive-v2/api/build/generated/ktproto/kotlin/com/google/protobuf/descriptor.data.kt:2284:93 Redundant call of conversion method.

> Task :api:compileDebugJavaWithJavac NO-SOURCE
> Task :observability-api:compileDebugJavaWithJavac NO-SOURCE
> Task :observability-api:bundleLibRuntimeToJarDebug
> Task :api:processDebugJavaRes
> Task :observability-api:bundleLibCompileToJarDebug
> Task :observability-api:processDebugJavaRes
> Task :api:mergeDebugNativeLibs NO-SOURCE
> Task :api:copyDebugJniLibsProjectOnly
> Task :connector:mergeDebugJniLibFolders
> Task :connector:mergeDebugNativeLibs NO-SOURCE
> Task :connector:copyDebugJniLibsProjectOnly
> Task :connector:mergeDebugAndroidTestJniLibFolders
> Task :observability-api:mergeDebugJniLibFolders
> Task :observability-api:mergeDebugNativeLibs NO-SOURCE
> Task :observability-api:copyDebugJniLibsProjectOnly
> Task :observability-api:bundleLibRuntimeToDirDebug
> Task :connector:validateSigningDebugAndroidTest
> Task :api:bundleLibCompileToJarDebug
> Task :connector:mergeDebugAndroidTestNativeLibs NO-SOURCE
> Task :api:bundleLibRuntimeToJarDebug
> Task :connector:stripDebugAndroidTestDebugSymbols NO-SOURCE
> Task :connector:writeDebugAndroidTestSigningConfigVersions
> Task :api:bundleLibRuntimeToDirDebug
> Task :connector:mergeExtDexDebugAndroidTest

> Task :connector:compileDebugKotlinAndroid
w: file:///Users/mikeroberts/workspace/latenighthack/.worktrees/lockers-review-archive-v2/connector/src/commonMain/kotlin/com/latenighthack/lockers/connector/LockerClient.kt:594:76 Elvis operator (?:) always returns the left operand of non-nullable type 'Long'.
w: file:///Users/mikeroberts/workspace/latenighthack/.worktrees/lockers-review-archive-v2/connector/src/commonMain/kotlin/com/latenighthack/lockers/connector/LockerClient.kt:783:68 Unnecessary non-null assertion (!!) on a non-null receiver of type 'Locker'.
w: file:///Users/mikeroberts/workspace/latenighthack/.worktrees/lockers-review-archive-v2/connector/src/commonMain/kotlin/com/latenighthack/lockers/connector/LockerClient.kt:1503:48 Unnecessary safe call on a non-null receiver of type 'RoomId'.
w: file:///Users/mikeroberts/workspace/latenighthack/.worktrees/lockers-review-archive-v2/connector/src/commonMain/kotlin/com/latenighthack/lockers/connector/StreamConnectionState.kt:18:105 This class or interface requires opt-in to be implemented: Inheriting from this kotlinx.coroutines API is unstable. Either new methods may be added in the future, which would break the inheritance, or correctly inheriting from it requires fulfilling contracts that may change in the future.

> Task :connector:compileDebugJavaWithJavac NO-SOURCE
> Task :connector:processDebugJavaRes
> Task :connector:bundleLibCompileToJarDebug
> Task :connector:bundleLibRuntimeToJarDebug
> Task :connector:bundleLibRuntimeToDirDebug
> Task :connector:compileDebugAndroidTestKotlinAndroid
> Task :connector:compileDebugAndroidTestJavaWithJavac NO-SOURCE
> Task :connector:dexBuilderDebugAndroidTest
> Task :connector:processDebugAndroidTestJavaRes
> Task :connector:mergeProjectDexDebugAndroidTest
> Task :connector:mergeDebugAndroidTestGlobalSynthetics
> Task :connector:mergeDebugAndroidTestJavaResource
> Task :connector:mergeLibDexDebugAndroidTest
> Task :connector:packageDebugAndroidTest
> Task :connector:createDebugAndroidTestApkListingFileRedirect

> Task :connector:connectedDebugAndroidTest
Starting 5 tests on LockersReview(AVD) - 14

Finished 5 tests on LockersReview(AVD) - 14

[Incubating] Problems report is available at: file:///Users/mikeroberts/workspace/latenighthack/.worktrees/lockers-review-archive-v2/build/reports/problems/problems-report.html

Deprecated Gradle features were used in this build, making it incompatible with Gradle 10.

You can use '--warning-mode all' to show the individual deprecation warnings and determine if they come from your own scripts or plugins.

For more on this, please refer to https://docs.gradle.org/9.5.1/userguide/command_line_interface.html#sec:command_line_warnings in the Gradle documentation.

BUILD SUCCESSFUL in 1m 8s
135 actionable tasks: 104 executed, 31 up-to-date
Consider enabling configuration cache to speed up this build: https://docs.gradle.org/9.5.1/userguide/configuration_cache_enabling.html
