Starting a Gradle Daemon, 1 busy and 2 incompatible and 11 stopped Daemons could not be reused, use --status for details
Type-safe project accessors is an incubating feature.
> Task :api:detekt

> Task :connector:detekt FAILED
/Users/mikeroberts/workspace/latenighthack/.worktrees/lockers-review-static-pass5/connector/src/commonMain/kotlin/com/latenighthack/lockers/connector/LockerClient.kt:1477:25: The function repairAuthorityWrite appears to be too complex based on Cyclomatic Complexity (complexity: 27). Defined complexity threshold for methods is set to '15' [CyclomaticComplexMethod]
/Users/mikeroberts/workspace/latenighthack/.worktrees/lockers-review-static-pass5/connector/src/commonMain/kotlin/com/latenighthack/lockers/connector/LockerClient.kt:1514:17: The function authorityScopeFor appears to be too complex based on Cyclomatic Complexity (complexity: 16). Defined complexity threshold for methods is set to '15' [CyclomaticComplexMethod]
/Users/mikeroberts/workspace/latenighthack/.worktrees/lockers-review-static-pass5/connector/src/commonMain/kotlin/com/latenighthack/lockers/connector/LockerClient.kt:1489:13: This condition is too complex (7). Defined complexity threshold for conditions is set to '4' [ComplexCondition]
/Users/mikeroberts/workspace/latenighthack/.worktrees/lockers-review-static-pass5/connector/src/commonMain/kotlin/com/latenighthack/lockers/connector/LockerClient.kt:1493:13: This condition is too complex (4). Defined complexity threshold for conditions is set to '4' [ComplexCondition]
/Users/mikeroberts/workspace/latenighthack/.worktrees/lockers-review-static-pass5/connector/src/jvmTest/kotlin/com/latenighthack/lockers/connector/test/ReviewAuthorityDriftTests.kt:3:1: com.latenighthack.ktbuf.net.* is a wildcard import. Replace it with fully qualified imports. [WildcardImport]
/Users/mikeroberts/workspace/latenighthack/.worktrees/lockers-review-static-pass5/connector/src/jvmTest/kotlin/com/latenighthack/lockers/connector/test/ReviewAuthorityDriftTests.kt:5:1: com.latenighthack.ktcrypto.* is a wildcard import. Replace it with fully qualified imports. [WildcardImport]
/Users/mikeroberts/workspace/latenighthack/.worktrees/lockers-review-static-pass5/connector/src/jvmTest/kotlin/com/latenighthack/lockers/connector/test/ReviewAuthorityDriftTests.kt:8:1: com.latenighthack.lockers.common.v1.* is a wildcard import. Replace it with fully qualified imports. [WildcardImport]
/Users/mikeroberts/workspace/latenighthack/.worktrees/lockers-review-static-pass5/connector/src/jvmTest/kotlin/com/latenighthack/lockers/connector/test/ReviewAuthorityDriftTests.kt:9:1: com.latenighthack.lockers.connector.* is a wildcard import. Replace it with fully qualified imports. [WildcardImport]
/Users/mikeroberts/workspace/latenighthack/.worktrees/lockers-review-static-pass5/connector/src/jvmTest/kotlin/com/latenighthack/lockers/connector/test/ReviewAuthorityDriftTests.kt:10:1: com.latenighthack.lockers.room.v1.* is a wildcard import. Replace it with fully qualified imports. [WildcardImport]
/Users/mikeroberts/workspace/latenighthack/.worktrees/lockers-review-static-pass5/connector/src/jvmTest/kotlin/com/latenighthack/lockers/connector/test/ReviewAuthorityDriftTests.kt:11:1: com.latenighthack.lockers.server.* is a wildcard import. Replace it with fully qualified imports. [WildcardImport]
/Users/mikeroberts/workspace/latenighthack/.worktrees/lockers-review-static-pass5/connector/src/jvmTest/kotlin/com/latenighthack/lockers/connector/test/ReviewAuthorityDriftTests.kt:12:1: kotlinx.coroutines.* is a wildcard import. Replace it with fully qualified imports. [WildcardImport]
/Users/mikeroberts/workspace/latenighthack/.worktrees/lockers-review-static-pass5/connector/src/jvmTest/kotlin/com/latenighthack/lockers/connector/test/ReviewAuthorityDriftTests.kt:13:1: kotlin.test.* is a wildcard import. Replace it with fully qualified imports. [WildcardImport]
/Users/mikeroberts/workspace/latenighthack/.worktrees/lockers-review-static-pass5/connector/src/jvmTest/kotlin/com/latenighthack/lockers/connector/test/ReviewAuthorityDriftTests.kt:16:1: Line detected, which is longer than the defined maximum line length in the code style. [MaxLineLength]
/Users/mikeroberts/workspace/latenighthack/.worktrees/lockers-review-static-pass5/connector/src/jvmTest/kotlin/com/latenighthack/lockers/connector/test/ReviewAuthorityDriftTests.kt:17:1: Line detected, which is longer than the defined maximum line length in the code style. [MaxLineLength]
/Users/mikeroberts/workspace/latenighthack/.worktrees/lockers-review-static-pass5/connector/src/jvmTest/kotlin/com/latenighthack/lockers/connector/test/ReviewAuthorityDriftTests.kt:18:1: Line detected, which is longer than the defined maximum line length in the code style. [MaxLineLength]
/Users/mikeroberts/workspace/latenighthack/.worktrees/lockers-review-static-pass5/connector/src/jvmTest/kotlin/com/latenighthack/lockers/connector/test/ReviewAuthorityDriftTests.kt:19:1: Line detected, which is longer than the defined maximum line length in the code style. [MaxLineLength]
/Users/mikeroberts/workspace/latenighthack/.worktrees/lockers-review-static-pass5/connector/src/jvmTest/kotlin/com/latenighthack/lockers/connector/test/ReviewAuthorityDriftTests.kt:20:1: Line detected, which is longer than the defined maximum line length in the code style. [MaxLineLength]
/Users/mikeroberts/workspace/latenighthack/.worktrees/lockers-review-static-pass5/connector/src/jvmTest/kotlin/com/latenighthack/lockers/connector/test/ReviewAuthorityDriftTests.kt:22:1: Line detected, which is longer than the defined maximum line length in the code style. [MaxLineLength]
/Users/mikeroberts/workspace/latenighthack/.worktrees/lockers-review-static-pass5/connector/src/jvmTest/kotlin/com/latenighthack/lockers/connector/test/ReviewAuthorityDriftTests.kt:32:1: Line detected, which is longer than the defined maximum line length in the code style. [MaxLineLength]
/Users/mikeroberts/workspace/latenighthack/.worktrees/lockers-review-static-pass5/connector/src/jvmTest/kotlin/com/latenighthack/lockers/connector/test/ReviewAuthorityDriftTests.kt:33:1: Line detected, which is longer than the defined maximum line length in the code style. [MaxLineLength]
/Users/mikeroberts/workspace/latenighthack/.worktrees/lockers-review-static-pass5/connector/src/jvmTest/kotlin/com/latenighthack/lockers/connector/test/ReviewAuthorityDriftTests.kt:42:1: Line detected, which is longer than the defined maximum line length in the code style. [MaxLineLength]
/Users/mikeroberts/workspace/latenighthack/.worktrees/lockers-review-static-pass5/connector/src/jvmTest/kotlin/com/latenighthack/lockers/connector/test/ReviewAuthorityDriftTests.kt:43:1: Line detected, which is longer than the defined maximum line length in the code style. [MaxLineLength]
/Users/mikeroberts/workspace/latenighthack/.worktrees/lockers-review-static-pass5/connector/src/jvmTest/kotlin/com/latenighthack/lockers/connector/test/ReviewAuthorityDriftTests.kt:50:1: Line detected, which is longer than the defined maximum line length in the code style. [MaxLineLength]
/Users/mikeroberts/workspace/latenighthack/.worktrees/lockers-review-static-pass5/connector/src/jvmTest/kotlin/com/latenighthack/lockers/connector/test/ReviewAuthorityDriftTests.kt:67:1: Line detected, which is longer than the defined maximum line length in the code style. [MaxLineLength]
/Users/mikeroberts/workspace/latenighthack/.worktrees/lockers-review-static-pass5/connector/src/jvmTest/kotlin/com/latenighthack/lockers/connector/test/ReviewAuthorityDriftTests.kt:69:1: Line detected, which is longer than the defined maximum line length in the code style. [MaxLineLength]
/Users/mikeroberts/workspace/latenighthack/.worktrees/lockers-review-static-pass5/connector/src/jvmTest/kotlin/com/latenighthack/lockers/connector/test/ReviewAuthorityDriftTests.kt:80:1: Line detected, which is longer than the defined maximum line length in the code style. [MaxLineLength]
/Users/mikeroberts/workspace/latenighthack/.worktrees/lockers-review-static-pass5/connector/src/jvmTest/kotlin/com/latenighthack/lockers/connector/test/ReviewAuthorityDriftTests.kt:85:1: Line detected, which is longer than the defined maximum line length in the code style. [MaxLineLength]
/Users/mikeroberts/workspace/latenighthack/.worktrees/lockers-review-static-pass5/connector/src/jvmTest/kotlin/com/latenighthack/lockers/connector/test/ReviewAuthorityDriftTests.kt:87:1: Line detected, which is longer than the defined maximum line length in the code style. [MaxLineLength]
/Users/mikeroberts/workspace/latenighthack/.worktrees/lockers-review-static-pass5/connector/src/jvmTest/kotlin/com/latenighthack/lockers/connector/test/ReviewAuthorityDriftTests.kt:97:1: Line detected, which is longer than the defined maximum line length in the code style. [MaxLineLength]
/Users/mikeroberts/workspace/latenighthack/.worktrees/lockers-review-static-pass5/connector/src/jvmTest/kotlin/com/latenighthack/lockers/connector/test/ReviewAuthorityDriftTests.kt:100:1: Line detected, which is longer than the defined maximum line length in the code style. [MaxLineLength]
/Users/mikeroberts/workspace/latenighthack/.worktrees/lockers-review-static-pass5/connector/src/jvmTest/kotlin/com/latenighthack/lockers/connector/test/ReviewAuthorityDriftTests.kt:105:1: Line detected, which is longer than the defined maximum line length in the code style. [MaxLineLength]
/Users/mikeroberts/workspace/latenighthack/.worktrees/lockers-review-static-pass5/connector/src/jvmTest/kotlin/com/latenighthack/lockers/connector/test/ReviewAuthorityDriftTests.kt:107:1: Line detected, which is longer than the defined maximum line length in the code style. [MaxLineLength]
/Users/mikeroberts/workspace/latenighthack/.worktrees/lockers-review-static-pass5/connector/src/jvmTest/kotlin/com/latenighthack/lockers/connector/test/ReviewAuthorityDriftTests.kt:109:1: Line detected, which is longer than the defined maximum line length in the code style. [MaxLineLength]
/Users/mikeroberts/workspace/latenighthack/.worktrees/lockers-review-static-pass5/connector/src/jvmTest/kotlin/com/latenighthack/lockers/connector/test/ReviewAuthorityDriftTests.kt:111:1: Line detected, which is longer than the defined maximum line length in the code style. [MaxLineLength]
/Users/mikeroberts/workspace/latenighthack/.worktrees/lockers-review-static-pass5/connector/src/jvmTest/kotlin/com/latenighthack/lockers/connector/test/ReviewAuthorityDriftTests.kt:114:1: Line detected, which is longer than the defined maximum line length in the code style. [MaxLineLength]
/Users/mikeroberts/workspace/latenighthack/.worktrees/lockers-review-static-pass5/connector/src/jvmTest/kotlin/com/latenighthack/lockers/connector/test/ReviewConsumerSignedWritesTests.kt:3:1: com.latenighthack.ktbuf.net.* is a wildcard import. Replace it with fully qualified imports. [WildcardImport]
/Users/mikeroberts/workspace/latenighthack/.worktrees/lockers-review-static-pass5/connector/src/jvmTest/kotlin/com/latenighthack/lockers/connector/test/ReviewConsumerSignedWritesTests.kt:4:1: com.latenighthack.ktcrypto.* is a wildcard import. Replace it with fully qualified imports. [WildcardImport]
/Users/mikeroberts/workspace/latenighthack/.worktrees/lockers-review-static-pass5/connector/src/jvmTest/kotlin/com/latenighthack/lockers/connector/test/ReviewConsumerSignedWritesTests.kt:7:1: com.latenighthack.lockers.common.v1.* is a wildcard import. Replace it with fully qualified imports. [WildcardImport]
/Users/mikeroberts/workspace/latenighthack/.worktrees/lockers-review-static-pass5/connector/src/jvmTest/kotlin/com/latenighthack/lockers/connector/test/ReviewConsumerSignedWritesTests.kt:8:1: com.latenighthack.lockers.connector.* is a wildcard import. Replace it with fully qualified imports. [WildcardImport]
/Users/mikeroberts/workspace/latenighthack/.worktrees/lockers-review-static-pass5/connector/src/jvmTest/kotlin/com/latenighthack/lockers/connector/test/ReviewConsumerSignedWritesTests.kt:9:1: com.latenighthack.lockers.room.v1.* is a wildcard import. Replace it with fully qualified imports. [WildcardImport]
/Users/mikeroberts/workspace/latenighthack/.worktrees/lockers-review-static-pass5/connector/src/jvmTest/kotlin/com/latenighthack/lockers/connector/test/ReviewConsumerSignedWritesTests.kt:10:1: com.latenighthack.lockers.server.* is a wildcard import. Replace it with fully qualified imports. [WildcardImport]
/Users/mikeroberts/workspace/latenighthack/.worktrees/lockers-review-static-pass5/connector/src/jvmTest/kotlin/com/latenighthack/lockers/connector/test/ReviewConsumerSignedWritesTests.kt:11:1: kotlinx.coroutines.* is a wildcard import. Replace it with fully qualified imports. [WildcardImport]
/Users/mikeroberts/workspace/latenighthack/.worktrees/lockers-review-static-pass5/connector/src/jvmTest/kotlin/com/latenighthack/lockers/connector/test/ReviewConsumerSignedWritesTests.kt:12:1: kotlin.test.* is a wildcard import. Replace it with fully qualified imports. [WildcardImport]
/Users/mikeroberts/workspace/latenighthack/.worktrees/lockers-review-static-pass5/connector/src/jvmTest/kotlin/com/latenighthack/lockers/connector/test/ReviewConsumerSignedWritesTests.kt:15:1: Line detected, which is longer than the defined maximum line length in the code style. [MaxLineLength]
/Users/mikeroberts/workspace/latenighthack/.worktrees/lockers-review-static-pass5/connector/src/jvmTest/kotlin/com/latenighthack/lockers/connector/test/ReviewConsumerSignedWritesTests.kt:16:1: Line detected, which is longer than the defined maximum line length in the code style. [MaxLineLength]
/Users/mikeroberts/workspace/latenighthack/.worktrees/lockers-review-static-pass5/connector/src/jvmTest/kotlin/com/latenighthack/lockers/connector/test/ReviewConsumerSignedWritesTests.kt:17:1: Line detected, which is longer than the defined maximum line length in the code style. [MaxLineLength]
/Users/mikeroberts/workspace/latenighthack/.worktrees/lockers-review-static-pass5/connector/src/jvmTest/kotlin/com/latenighthack/lockers/connector/test/ReviewConsumerSignedWritesTests.kt:24:1: Line detected, which is longer than the defined maximum line length in the code style. [MaxLineLength]
/Users/mikeroberts/workspace/latenighthack/.worktrees/lockers-review-static-pass5/connector/src/jvmTest/kotlin/com/latenighthack/lockers/connector/test/ReviewConsumerSignedWritesTests.kt:33:1: Line detected, which is longer than the defined maximum line length in the code style. [MaxLineLength]
/Users/mikeroberts/workspace/latenighthack/.worktrees/lockers-review-static-pass5/connector/src/jvmTest/kotlin/com/latenighthack/lockers/connector/test/ReviewConsumerSignedWritesTests.kt:34:1: Line detected, which is longer than the defined maximum line length in the code style. [MaxLineLength]
/Users/mikeroberts/workspace/latenighthack/.worktrees/lockers-review-static-pass5/connector/src/jvmTest/kotlin/com/latenighthack/lockers/connector/test/ReviewConsumerSignedWritesTests.kt:38:1: Line detected, which is longer than the defined maximum line length in the code style. [MaxLineLength]
/Users/mikeroberts/workspace/latenighthack/.worktrees/lockers-review-static-pass5/connector/src/jvmTest/kotlin/com/latenighthack/lockers/connector/test/ReviewConsumerSignedWritesTests.kt:46:1: Line detected, which is longer than the defined maximum line length in the code style. [MaxLineLength]
/Users/mikeroberts/workspace/latenighthack/.worktrees/lockers-review-static-pass5/connector/src/jvmTest/kotlin/com/latenighthack/lockers/connector/test/ReviewConsumerSignedWritesTests.kt:48:1: Line detected, which is longer than the defined maximum line length in the code style. [MaxLineLength]
/Users/mikeroberts/workspace/latenighthack/.worktrees/lockers-review-static-pass5/connector/src/jvmTest/kotlin/com/latenighthack/lockers/connector/test/ReviewConsumerSignedWritesTests.kt:49:1: Line detected, which is longer than the defined maximum line length in the code style. [MaxLineLength]
/Users/mikeroberts/workspace/latenighthack/.worktrees/lockers-review-static-pass5/connector/src/commonMain/kotlin/com/latenighthack/lockers/connector/LockerClient.kt:1477:25: Function repairAuthorityWrite has 13 return statements which exceeds the limit of 2. [ReturnCount]
/Users/mikeroberts/workspace/latenighthack/.worktrees/lockers-review-static-pass5/connector/src/commonMain/kotlin/com/latenighthack/lockers/connector/LockerClient.kt:1514:17: Function authorityScopeFor has 3 return statements which exceeds the limit of 2. [ReturnCount]
/Users/mikeroberts/workspace/latenighthack/.worktrees/lockers-review-static-pass5/connector/src/commonMain/kotlin/com/latenighthack/lockers/connector/LockerClient.kt:1179:1: Line detected, which is longer than the defined maximum line length in the code style. [MaxLineLength]
/Users/mikeroberts/workspace/latenighthack/.worktrees/lockers-review-static-pass5/connector/src/commonMain/kotlin/com/latenighthack/lockers/connector/LockerClient.kt:1495:1: Line detected, which is longer than the defined maximum line length in the code style. [MaxLineLength]
/Users/mikeroberts/workspace/latenighthack/.worktrees/lockers-review-static-pass5/connector/src/commonMain/kotlin/com/latenighthack/lockers/connector/LockerClient.kt:1503:1: Line detected, which is longer than the defined maximum line length in the code style. [MaxLineLength]
/Users/mikeroberts/workspace/latenighthack/.worktrees/lockers-review-static-pass5/connector/src/commonMain/kotlin/com/latenighthack/lockers/connector/LockerClient.kt:1506:1: Line detected, which is longer than the defined maximum line length in the code style. [MaxLineLength]
/Users/mikeroberts/workspace/latenighthack/.worktrees/lockers-review-static-pass5/connector/src/commonMain/kotlin/com/latenighthack/lockers/connector/LockerClient.kt:1507:1: Line detected, which is longer than the defined maximum line length in the code style. [MaxLineLength]
/Users/mikeroberts/workspace/latenighthack/.worktrees/lockers-review-static-pass5/connector/src/commonMain/kotlin/com/latenighthack/lockers/connector/LockerClient.kt:1509:1: Line detected, which is longer than the defined maximum line length in the code style. [MaxLineLength]
/Users/mikeroberts/workspace/latenighthack/.worktrees/lockers-review-static-pass5/connector/src/commonMain/kotlin/com/latenighthack/lockers/connector/LockerClient.kt:1521:1: Line detected, which is longer than the defined maximum line length in the code style. [MaxLineLength]
/Users/mikeroberts/workspace/latenighthack/.worktrees/lockers-review-static-pass5/connector/src/commonMain/kotlin/com/latenighthack/lockers/connector/LockerClient.kt:1523:1: Line detected, which is longer than the defined maximum line length in the code style. [MaxLineLength]
/Users/mikeroberts/workspace/latenighthack/.worktrees/lockers-review-static-pass5/connector/src/commonMain/kotlin/com/latenighthack/lockers/connector/LockerClient.kt:1524:1: Line detected, which is longer than the defined maximum line length in the code style. [MaxLineLength]
/Users/mikeroberts/workspace/latenighthack/.worktrees/lockers-review-static-pass5/connector/src/commonTest/kotlin/com/latenighthack/lockers/connector/AuthorityRepairPortabilityTest.kt:3:1: com.latenighthack.ktbuf.net.* is a wildcard import. Replace it with fully qualified imports. [WildcardImport]
/Users/mikeroberts/workspace/latenighthack/.worktrees/lockers-review-static-pass5/connector/src/commonTest/kotlin/com/latenighthack/lockers/connector/AuthorityRepairPortabilityTest.kt:4:1: com.latenighthack.ktcrypto.* is a wildcard import. Replace it with fully qualified imports. [WildcardImport]
/Users/mikeroberts/workspace/latenighthack/.worktrees/lockers-review-static-pass5/connector/src/commonTest/kotlin/com/latenighthack/lockers/connector/AuthorityRepairPortabilityTest.kt:8:1: com.latenighthack.lockers.common.v1.* is a wildcard import. Replace it with fully qualified imports. [WildcardImport]
/Users/mikeroberts/workspace/latenighthack/.worktrees/lockers-review-static-pass5/connector/src/commonTest/kotlin/com/latenighthack/lockers/connector/AuthorityRepairPortabilityTest.kt:10:1: com.latenighthack.lockers.room.v1.* is a wildcard import. Replace it with fully qualified imports. [WildcardImport]
/Users/mikeroberts/workspace/latenighthack/.worktrees/lockers-review-static-pass5/connector/src/commonTest/kotlin/com/latenighthack/lockers/connector/AuthorityRepairPortabilityTest.kt:12:1: kotlin.test.* is a wildcard import. Replace it with fully qualified imports. [WildcardImport]
/Users/mikeroberts/workspace/latenighthack/.worktrees/lockers-review-static-pass5/connector/src/commonTest/kotlin/com/latenighthack/lockers/connector/AuthorityRepairPortabilityTest.kt:26:1: Line detected, which is longer than the defined maximum line length in the code style. [MaxLineLength]
/Users/mikeroberts/workspace/latenighthack/.worktrees/lockers-review-static-pass5/connector/src/commonTest/kotlin/com/latenighthack/lockers/connector/AuthorityRepairPortabilityTest.kt:63:1: Line detected, which is longer than the defined maximum line length in the code style. [MaxLineLength]


> Task :keymaster:detekt
> Task :observability-api:detekt
> Task :observability-connector:detekt
> Task :observability-server:detekt
> Task :server:detekt
> Task :sharding-core:detekt
> Task :server:run:detekt
> Task :server:test:detekt

[Incubating] Problems report is available at: file:///Users/mikeroberts/workspace/latenighthack/.worktrees/lockers-review-static-pass5/build/reports/problems/problems-report.html

FAILURE: Build failed with an exception.

* What went wrong:
Execution failed for task ':connector:detekt' (registered by plugin 'io.gitlab.arturbosch.detekt').
> Analysis failed with 71 weighted issues.

* Try:
> Run with --stacktrace option to get the stack trace.
> Run with --info or --debug option to get more log output.
> Run with --scan to get full insights from a Build Scan (powered by Develocity).
> Get more help at https://help.gradle.org.

Deprecated Gradle features were used in this build, making it incompatible with Gradle 10.

You can use '--warning-mode all' to show the individual deprecation warnings and determine if they come from your own scripts or plugins.

For more on this, please refer to https://docs.gradle.org/9.5.1/userguide/command_line_interface.html#sec:command_line_warnings in the Gradle documentation.

BUILD FAILED in 13s
10 actionable tasks: 10 executed
