To honour the JVM settings for this build a single-use Daemon process will be forked. For more on this, please refer to https://docs.gradle.org/9.5.1/userguide/gradle_daemon.html#sec:disabling_the_daemon in the Gradle documentation.
Daemon will be stopped at the end of the build 
Type-safe project accessors is an incubating feature.

> Task :api:detekt FAILED
/Users/mikeroberts/workspace/latenighthack/.worktrees/lockers-review-quality/api/src/commonMain/kotlin/com/latenighthack/lockers/common/CoroutineQualityProbe.kt:6:31: This use of GlobalScope should be replaced by `CoroutineScope` or `coroutineScope`. [GlobalCoroutineUsage]


[Incubating] Problems report is available at: file:///Users/mikeroberts/workspace/latenighthack/.worktrees/lockers-review-quality/build/reports/problems/problems-report.html

FAILURE: Build failed with an exception.

* What went wrong:
Execution failed for task ':api:detekt' (registered by plugin 'io.gitlab.arturbosch.detekt').
> Analysis failed with 1 weighted issues.

* Try:
> Run with --stacktrace option to get the stack trace.
> Run with --info or --debug option to get more log output.
> Run with --scan to get full insights from a Build Scan (powered by Develocity).
> Get more help at https://help.gradle.org.

Deprecated Gradle features were used in this build, making it incompatible with Gradle 10.

You can use '--warning-mode all' to show the individual deprecation warnings and determine if they come from your own scripts or plugins.

For more on this, please refer to https://docs.gradle.org/9.5.1/userguide/command_line_interface.html#sec:command_line_warnings in the Gradle documentation.

BUILD FAILED in 13s
1 actionable task: 1 executed
