Starting a Gradle Daemon, 2 busy and 2 incompatible and 15 stopped Daemons could not be reused, use --status for details
Type-safe project accessors is an incubating feature.
> Task :api:detekt
> Task :connector:detekt
> Task :keymaster:detekt
> Task :observability-api:detekt
> Task :observability-connector:detekt
> Task :observability-server:detekt

> Task :server:detekt FAILED
/Users/mikeroberts/workspace/latenighthack/.worktrees/lockers-review-static-pass4/server/src/test/kotlin/com/latenighthack/lockers/server/ShardedDispatcherTest.kt:22:1: Line detected, which is longer than the defined maximum line length in the code style. [MaxLineLength]
/Users/mikeroberts/workspace/latenighthack/.worktrees/lockers-review-static-pass4/server/src/test/kotlin/com/latenighthack/lockers/server/SubscriptionLockOrderTest.kt:3:1: com.latenighthack.ktcrypto.* is a wildcard import. Replace it with fully qualified imports. [WildcardImport]
/Users/mikeroberts/workspace/latenighthack/.worktrees/lockers-review-static-pass4/server/src/test/kotlin/com/latenighthack/lockers/server/SubscriptionLockOrderTest.kt:6:1: com.latenighthack.lockers.common.v1.* is a wildcard import. Replace it with fully qualified imports. [WildcardImport]
/Users/mikeroberts/workspace/latenighthack/.worktrees/lockers-review-static-pass4/server/src/test/kotlin/com/latenighthack/lockers/server/SubscriptionLockOrderTest.kt:7:1: com.latenighthack.lockers.room.v1.* is a wildcard import. Replace it with fully qualified imports. [WildcardImport]
/Users/mikeroberts/workspace/latenighthack/.worktrees/lockers-review-static-pass4/server/src/test/kotlin/com/latenighthack/lockers/server/SubscriptionLockOrderTest.kt:10:1: com.latenighthack.lockers.server.services.room.v1.* is a wildcard import. Replace it with fully qualified imports. [WildcardImport]
/Users/mikeroberts/workspace/latenighthack/.worktrees/lockers-review-static-pass4/server/src/test/kotlin/com/latenighthack/lockers/server/SubscriptionLockOrderTest.kt:11:1: com.latenighthack.lockers.server.services.session.v1.* is a wildcard import. Replace it with fully qualified imports. [WildcardImport]
/Users/mikeroberts/workspace/latenighthack/.worktrees/lockers-review-static-pass4/server/src/test/kotlin/com/latenighthack/lockers/server/SubscriptionLockOrderTest.kt:12:1: com.latenighthack.lockers.server.storage.v1.* is a wildcard import. Replace it with fully qualified imports. [WildcardImport]
/Users/mikeroberts/workspace/latenighthack/.worktrees/lockers-review-static-pass4/server/src/test/kotlin/com/latenighthack/lockers/server/SubscriptionLockOrderTest.kt:16:1: kotlinx.coroutines.* is a wildcard import. Replace it with fully qualified imports. [WildcardImport]
/Users/mikeroberts/workspace/latenighthack/.worktrees/lockers-review-static-pass4/server/src/test/kotlin/com/latenighthack/lockers/server/SubscriptionLockOrderTest.kt:18:1: kotlin.test.* is a wildcard import. Replace it with fully qualified imports. [WildcardImport]
/Users/mikeroberts/workspace/latenighthack/.worktrees/lockers-review-static-pass4/server/src/test/kotlin/com/latenighthack/lockers/server/SubscriptionLockOrderTest.kt:26:1: Line detected, which is longer than the defined maximum line length in the code style. [MaxLineLength]
/Users/mikeroberts/workspace/latenighthack/.worktrees/lockers-review-static-pass4/server/src/test/kotlin/com/latenighthack/lockers/server/SubscriptionLockOrderTest.kt:28:1: Line detected, which is longer than the defined maximum line length in the code style. [MaxLineLength]
/Users/mikeroberts/workspace/latenighthack/.worktrees/lockers-review-static-pass4/server/src/test/kotlin/com/latenighthack/lockers/server/SubscriptionLockOrderTest.kt:34:1: Line detected, which is longer than the defined maximum line length in the code style. [MaxLineLength]
/Users/mikeroberts/workspace/latenighthack/.worktrees/lockers-review-static-pass4/server/src/test/kotlin/com/latenighthack/lockers/server/SubscriptionLockOrderTest.kt:42:1: Line detected, which is longer than the defined maximum line length in the code style. [MaxLineLength]
/Users/mikeroberts/workspace/latenighthack/.worktrees/lockers-review-static-pass4/server/src/test/kotlin/com/latenighthack/lockers/server/SubscriptionLockOrderTest.kt:55:1: Line detected, which is longer than the defined maximum line length in the code style. [MaxLineLength]
/Users/mikeroberts/workspace/latenighthack/.worktrees/lockers-review-static-pass4/server/src/test/kotlin/com/latenighthack/lockers/server/SubscriptionLockOrderTest.kt:62:1: Line detected, which is longer than the defined maximum line length in the code style. [MaxLineLength]
/Users/mikeroberts/workspace/latenighthack/.worktrees/lockers-review-static-pass4/server/src/test/kotlin/com/latenighthack/lockers/server/SubscriptionLockOrderTest.kt:63:1: Line detected, which is longer than the defined maximum line length in the code style. [MaxLineLength]
/Users/mikeroberts/workspace/latenighthack/.worktrees/lockers-review-static-pass4/server/src/test/kotlin/com/latenighthack/lockers/server/SubscriptionLockOrderTest.kt:68:1: Line detected, which is longer than the defined maximum line length in the code style. [MaxLineLength]
/Users/mikeroberts/workspace/latenighthack/.worktrees/lockers-review-static-pass4/server/src/test/kotlin/com/latenighthack/lockers/server/SubscriptionLockOrderTest.kt:70:1: Line detected, which is longer than the defined maximum line length in the code style. [MaxLineLength]
/Users/mikeroberts/workspace/latenighthack/.worktrees/lockers-review-static-pass4/server/src/test/kotlin/com/latenighthack/lockers/server/SubscriptionLockOrderTest.kt:82:1: Line detected, which is longer than the defined maximum line length in the code style. [MaxLineLength]
/Users/mikeroberts/workspace/latenighthack/.worktrees/lockers-review-static-pass4/server/src/test/kotlin/com/latenighthack/lockers/server/SubscriptionLockOrderTest.kt:83:1: Line detected, which is longer than the defined maximum line length in the code style. [MaxLineLength]
/Users/mikeroberts/workspace/latenighthack/.worktrees/lockers-review-static-pass4/server/src/main/kotlin/com/latenighthack/lockers/server/tools/ShardedDispatcher.kt:33:1: Line detected, which is longer than the defined maximum line length in the code style. [MaxLineLength]
/Users/mikeroberts/workspace/latenighthack/.worktrees/lockers-review-static-pass4/server/src/main/kotlin/com/latenighthack/lockers/server/tools/ShardedDispatcher.kt:43:1: Line detected, which is longer than the defined maximum line length in the code style. [MaxLineLength]
/Users/mikeroberts/workspace/latenighthack/.worktrees/lockers-review-static-pass4/server/src/main/kotlin/com/latenighthack/lockers/server/services/room/v1/RoomServiceImpl.kt:700:1: Line detected, which is longer than the defined maximum line length in the code style. [MaxLineLength]


> Task :sharding-core:detekt
> Task :server:run:detekt
> Task :server:test:detekt

[Incubating] Problems report is available at: file:///Users/mikeroberts/workspace/latenighthack/.worktrees/lockers-review-static-pass4/build/reports/problems/problems-report.html

FAILURE: Build failed with an exception.

* What went wrong:
Execution failed for task ':server:detekt' (registered by plugin 'io.gitlab.arturbosch.detekt').
> Analysis failed with 23 weighted issues.

* Try:
> Run with --stacktrace option to get the stack trace.
> Run with --info or --debug option to get more log output.
> Run with --scan to get full insights from a Build Scan (powered by Develocity).
> Get more help at https://help.gradle.org.

Deprecated Gradle features were used in this build, making it incompatible with Gradle 10.

You can use '--warning-mode all' to show the individual deprecation warnings and determine if they come from your own scripts or plugins.

For more on this, please refer to https://docs.gradle.org/9.5.1/userguide/command_line_interface.html#sec:command_line_warnings in the Gradle documentation.

BUILD FAILED in 16s
10 actionable tasks: 10 executed
