Type-safe project accessors is an incubating feature.
Configuration 'jsNpmAggregated' was resolved during configuration time.
This is a build performance and scalability issue.
See https://github.com/gradle/gradle/issues/2298
Run with --info for a stacktrace.
Configuration 'jsTestNpmAggregated' was resolved during configuration time.
This is a build performance and scalability issue.
See https://github.com/gradle/gradle/issues/2298
Run with --info for a stacktrace.
Configuration 'jsNpmAggregated' was resolved during configuration time.
This is a build performance and scalability issue.
See https://github.com/gradle/gradle/issues/2298
Run with --info for a stacktrace.
Configuration 'jsTestNpmAggregated' was resolved during configuration time.
This is a build performance and scalability issue.
See https://github.com/gradle/gradle/issues/2298
Run with --info for a stacktrace.
Configuration 'jsNpmAggregated' was resolved during configuration time.
This is a build performance and scalability issue.
See https://github.com/gradle/gradle/issues/2298
Run with --info for a stacktrace.
Configuration 'jsTestNpmAggregated' was resolved during configuration time.
This is a build performance and scalability issue.
See https://github.com/gradle/gradle/issues/2298
Run with --info for a stacktrace.
Configuration 'jsNpmAggregated' was resolved during configuration time.
This is a build performance and scalability issue.
See https://github.com/gradle/gradle/issues/2298
Run with --info for a stacktrace.
Configuration 'jsTestNpmAggregated' was resolved during configuration time.
This is a build performance and scalability issue.
See https://github.com/gradle/gradle/issues/2298
Run with --info for a stacktrace.
Build was configured to prefer settings repositories over project repositories but repository 'Distributions at https://nodejs.org/dist' was added by unknown code
Build was configured to prefer settings repositories over project repositories but repository 'Distributions at https://github.com/yarnpkg/yarn/releases/download' was added by unknown code
Build was configured to prefer settings repositories over project repositories but repository 'Distributions at https://nodejs.org/dist' was added by unknown code
Build was configured to prefer settings repositories over project repositories but repository 'Distributions at https://nodejs.org/dist' was added by unknown code
> Task :api:kmpPartiallyResolvedDependenciesChecker
> Task :api:checkKotlinGradlePluginConfigurationErrors SKIPPED
> Task :api:installProtocGenKt UP-TO-DATE
> Task :api:generateProto
> Task :api:generateCodegenFixtures
> Task :api:jvmProcessResources NO-SOURCE
> Task :api:processJvmMainResources SKIPPED
> Task :api:jvmTestProcessResources NO-SOURCE
> Task :api:processJvmTestResources SKIPPED
> Task :connector:kmpPartiallyResolvedDependenciesChecker
> Task :connector:checkKotlinGradlePluginConfigurationErrors SKIPPED
> Task :observability-api:kmpPartiallyResolvedDependenciesChecker
> Task :observability-api:checkKotlinGradlePluginConfigurationErrors SKIPPED
> Task :observability-api:generateMonitoringVersion UP-TO-DATE
> Task :observability-api:compileKotlinJvm UP-TO-DATE
> Task :observability-api:compileJvmMainJava NO-SOURCE
> Task :observability-api:jvmProcessResources NO-SOURCE
> Task :observability-api:processJvmMainResources SKIPPED
> Task :observability-api:jvmMainClasses UP-TO-DATE
> Task :observability-api:jvmJar UP-TO-DATE
> Task :connector:jvmProcessResources NO-SOURCE
> Task :connector:processJvmMainResources SKIPPED
> Task :server:checkKotlinGradlePluginConfigurationErrors SKIPPED
> Task :sharding-core:checkKotlinGradlePluginConfigurationErrors SKIPPED
> Task :sharding-core:compileKotlin UP-TO-DATE
> Task :sharding-core:compileJava NO-SOURCE
> Task :sharding-core:processResources NO-SOURCE
> Task :sharding-core:classes UP-TO-DATE
> Task :sharding-core:jar UP-TO-DATE
> Task :server:test:checkKotlinGradlePluginConfigurationErrors SKIPPED
> Task :server:test:processResources NO-SOURCE
> Task :connector:jvmTestProcessResources NO-SOURCE
> Task :connector:processJvmTestResources SKIPPED
> Task :observability-server:checkKotlinGradlePluginConfigurationErrors SKIPPED
> Task :observability-server:processResources NO-SOURCE
> Task :server:run:checkKotlinGradlePluginConfigurationErrors SKIPPED
> Task :kotlinKotlinNpmCachesSetup
> Task :kotlinNodeJsSetup UP-TO-DATE
> Task :kotlinRestoreYarnLock UP-TO-DATE
> Task :kotlinYarnSetup UP-TO-DATE
> Task :api:jsPackageJson UP-TO-DATE
> Task :api:jsTestPackageJson UP-TO-DATE
> Task :observability-api:jsPackageJson UP-TO-DATE
> Task :connector:jsPackageJson UP-TO-DATE
> Task :connector:jsTestPackageJson UP-TO-DATE
> Task :observability-api:jsTestPackageJson UP-TO-DATE
> Task :observability-connector:jsPackageJson UP-TO-DATE
> Task :observability-connector:jsTestPackageJson UP-TO-DATE
> Task :api:jsPublicPackageJson UP-TO-DATE
> Task :api:jsTestPublicPackageJson UP-TO-DATE
> Task :connector:jsPublicPackageJson UP-TO-DATE
> Task :connector:jsTestPublicPackageJson UP-TO-DATE
> Task :observability-api:jsPublicPackageJson UP-TO-DATE
> Task :observability-api:jsTestPublicPackageJson
> Task :observability-connector:jsPublicPackageJson UP-TO-DATE
> Task :observability-connector:jsTestPublicPackageJson
> Task :kotlinPackageJsonUmbrella
> Task :rootPackageJson UP-TO-DATE
> Task :kotlinNpmInstall UP-TO-DATE
> Task :kotlinStoreYarnLock UP-TO-DATE
> Task :api:jsProcessResources NO-SOURCE
> Task :api:jsTestProcessResources NO-SOURCE
> Task :api:kotlinNodeJsSetup UP-TO-DATE
> Task :api:compileKotlinJs
> Task :api:downloadKotlinNativeDistribution UP-TO-DATE
> Task :api:jsMainClasses
> Task :api:compileTestKotlinJs
> Task :api:compileKotlinJvm
> Task :api:compileKotlinIosSimulatorArm64
> Task :api:compileJvmMainJava NO-SOURCE
> Task :api:jvmMainClasses
> Task :api:jvmJar
> Task :api:compileTestKotlinJvm
> Task :api:compileJvmTestJava NO-SOURCE
> Task :api:jvmTestClasses
> Task :connector:compileKotlinJvm
> Task :api:jvmTest
> Task :connector:compileJvmMainJava NO-SOURCE
> Task :connector:jvmMainClasses
> Task :connector:jvmJar UP-TO-DATE
> Task :server:verifyRuntimeSecurity
> Task :api:jsTestClasses
> Task :api:iosSimulatorArm64ProcessResources NO-SOURCE
> Task :api:iosSimulatorArm64MainKlibrary
> Task :api:compileTestKotlinIosSimulatorArm64
> Task :api:compileTestDevelopmentExecutableKotlinJs
> Task :server:kspKotlin
> Task :api:linkDebugTestIosSimulatorArm64
> Task :server:processResources NO-SOURCE
> Task :api:jsTestTestDevelopmentExecutableCompileSync
> Task :server:compileKotlin
> Task :api:jsNodeTest
> Task :server:compileJava NO-SOURCE
> Task :server:classes UP-TO-DATE
> Task :server:jar UP-TO-DATE
> Task :server:test:compileKotlin
> Task :observability-server:compileKotlin UP-TO-DATE
> Task :server:test:compileJava NO-SOURCE
> Task :server:test:classes UP-TO-DATE
> Task :server:test:jar UP-TO-DATE
> Task :server:kspTestKotlin SKIPPED
> Task :connector:compileTestKotlinJvm
> Task :connector:compileJvmTestJava NO-SOURCE
> Task :connector:jvmTestClasses
> Task :server:compileTestKotlin
> Task :connector:jvmTest
> Task :server:compileTestJava NO-SOURCE
> Task :server:processTestResources NO-SOURCE
> Task :server:testClasses UP-TO-DATE
> Task :server:test
> Task :observability-server:compileJava NO-SOURCE
> Task :observability-server:classes UP-TO-DATE
> Task :observability-server:jar UP-TO-DATE
> Task :server:run:compileKotlin UP-TO-DATE
> Task :api:iosSimulatorArm64Test
> Task :observability-api:compileKotlinJs UP-TO-DATE
> Task :connector:jsProcessResources NO-SOURCE
> Task :connector:jsTestProcessResources NO-SOURCE
> Task :connector:kotlinNodeJsSetup UP-TO-DATE
> Task :connector:downloadKotlinNativeDistribution UP-TO-DATE
> Task :observability-api:downloadKotlinNativeDistribution UP-TO-DATE
> Task :observability-api:compileKotlinIosSimulatorArm64 UP-TO-DATE
> Task :connector:compileKotlinJs
> Task :connector:compileKotlinIosSimulatorArm64
> Task :connector:jsMainClasses
> Task :connector:iosSimulatorArm64ProcessResources NO-SOURCE
> Task :connector:iosSimulatorArm64MainKlibrary
> Task :connector:compileTestKotlinJs
> Task :connector:compileTestKotlinIosSimulatorArm64
> Task :connector:jsTestClasses
> Task :connector:compileTestDevelopmentExecutableKotlinJs

> Task :connector:linkDebugTestIosSimulatorArm64
warning: /Users/runner/work/ktcrypto/ktcrypto/library/build/swiftklib/KtCrypto/iosSimulatorArm64/swiftBuild/.build/arm64-apple-macosx/release/ModuleCache/3KEURXHTBV2EJ/Foundation-26APARFLUI2TQ.pcm: No such file or directory
note: while processing /Users/runner/work/ktcrypto/ktcrypto/library/build/swiftklib/KtCrypto/iosSimulatorArm64/swiftBuild/.build/arm64-apple-macosx/release/ModuleCache/3KEURXHTBV2EJ/Foundation-26APARFLUI2TQ.pcm
note: Linking a static library that was built with -gmodules, but the module cache was not found.  Redistributable static libraries should never be built with module debugging enabled.  The debug experience will be degraded due to incomplete debug information.
warning: /Users/runner/work/ktcrypto/ktcrypto/library/build/swiftklib/KtCrypto/iosSimulatorArm64/swiftBuild/.build/arm64-apple-macosx/release/ModuleCache/3KEURXHTBV2EJ/_SwiftConcurrencyShims-1O6J4FRGOX9K.pcm: No such file or directory
note: while processing /Users/runner/work/ktcrypto/ktcrypto/library/build/swiftklib/KtCrypto/iosSimulatorArm64/swiftBuild/.build/arm64-apple-macosx/release/ModuleCache/3KEURXHTBV2EJ/_SwiftConcurrencyShims-1O6J4FRGOX9K.pcm

> Task :connector:jsTestTestDevelopmentExecutableCompileSync
> Task :connector:jsNodeTest
> Task :connector:iosSimulatorArm64Test
> Task :api:preBuild UP-TO-DATE
> Task :api:preDebugBuild UP-TO-DATE
> Task :api:generateDebugResValues UP-TO-DATE
> Task :api:generateDebugResources UP-TO-DATE
> Task :api:packageDebugResources UP-TO-DATE
> Task :api:processDebugNavigationResources UP-TO-DATE
> Task :api:parseDebugLocalResources UP-TO-DATE
> Task :api:generateDebugRFile UP-TO-DATE
> Task :api:javaPreCompileDebug UP-TO-DATE
> Task :connector:preBuild UP-TO-DATE
> Task :connector:preDebugBuild UP-TO-DATE
> Task :connector:generateDebugResValues UP-TO-DATE
> Task :connector:generateDebugResources UP-TO-DATE
> Task :connector:packageDebugResources UP-TO-DATE
> Task :connector:processDebugNavigationResources UP-TO-DATE
> Task :connector:parseDebugLocalResources UP-TO-DATE
> Task :connector:generateDebugRFile UP-TO-DATE
> Task :observability-api:preBuild UP-TO-DATE
> Task :observability-api:preDebugBuild UP-TO-DATE
> Task :observability-api:generateDebugResValues UP-TO-DATE
> Task :observability-api:generateDebugResources UP-TO-DATE
> Task :observability-api:packageDebugResources UP-TO-DATE
> Task :observability-api:processDebugNavigationResources UP-TO-DATE
> Task :observability-api:parseDebugLocalResources UP-TO-DATE
> Task :observability-api:generateDebugRFile UP-TO-DATE
> Task :observability-api:compileDebugKotlinAndroid UP-TO-DATE
> Task :observability-api:javaPreCompileDebug UP-TO-DATE
> Task :observability-api:compileDebugJavaWithJavac NO-SOURCE
> Task :observability-api:bundleLibCompileToJarDebug UP-TO-DATE

> Task :server:detekt FAILED
/Users/mikeroberts/workspace/latenighthack/kitkit/server/src/test/kotlin/com/latenighthack/lockers/server/UnknownIdentityAliasTest.kt:5:1: com.latenighthack.ktcrypto.* is a wildcard import. Replace it with fully qualified imports. [WildcardImport]


> Task :api:compileDebugKotlinAndroid

[Incubating] Problems report is available at: file:///Users/mikeroberts/workspace/latenighthack/kitkit/build/reports/problems/problems-report.html

FAILURE: Build failed with an exception.

* What went wrong:
Execution failed for task ':server:detekt' (registered by plugin 'io.gitlab.arturbosch.detekt').
> Analysis failed with 1 weighted issues.

* Try:
> Run with --stacktrace option to get the stack trace.
> Run with --info or --debug option to get more log output.
> Run with --scan to get full insights from a Build Scan (powered by Develocity).
> Get more help at https://help.gradle.org.

Deprecated Gradle features were used in this build, making it incompatible with Gradle 10.

You can use '--warning-mode all' to show the individual deprecation warnings and determine if they come from your own scripts or plugins.

For more on this, please refer to https://docs.gradle.org/9.5.1/userguide/command_line_interface.html#sec:command_line_warnings in the Gradle documentation.

BUILD FAILED in 1m 21s
102 actionable tasks: 41 executed, 61 up-to-date
