Type-safe project accessors is an incubating feature.
> Task :api:kmpPartiallyResolvedDependenciesChecker
> Task :api:checkKotlinGradlePluginConfigurationErrors SKIPPED
> Task :api:installProtocGenKt UP-TO-DATE
> Task :api:generateProto UP-TO-DATE
> Task :api:compileKotlinJvm UP-TO-DATE
> Task :api:compileJvmMainJava NO-SOURCE
> Task :api:jvmProcessResources NO-SOURCE
> Task :api:processJvmMainResources SKIPPED
> Task :api:jvmMainClasses UP-TO-DATE
> Task :api:jvmJar
> Task :connector:kmpPartiallyResolvedDependenciesChecker
> Task :connector:checkKotlinGradlePluginConfigurationErrors SKIPPED
> Task :observability-api:kmpPartiallyResolvedDependenciesChecker
> Task :observability-api:checkKotlinGradlePluginConfigurationErrors SKIPPED
> Task :observability-api:generateMonitoringVersion UP-TO-DATE
> Task :observability-api:compileKotlinJvm UP-TO-DATE
> Task :observability-api:compileJvmMainJava NO-SOURCE
> Task :observability-api:jvmProcessResources NO-SOURCE
> Task :observability-api:processJvmMainResources SKIPPED
> Task :observability-api:jvmMainClasses UP-TO-DATE
> Task :observability-api:jvmJar UP-TO-DATE
> Task :connector:compileKotlinJvm FAILED

[Incubating] Problems report is available at: file:///Users/mikeroberts/workspace/latenighthack/.worktrees/lockers-review-release-gate/build/reports/problems/problems-report.html

FAILURE: Build failed with an exception.

* What went wrong:
Execution failed for task ':connector:compileKotlinJvm' (registered in build file 'connector/build.gradle.kts').
> Could not resolve all files for configuration ':connector:jvmCompileClasspath'.
   > Could not find com.latenighthack.ktstore:ktstore-library:0.2.0.
     Required by:
         project ':connector'

* Try:
> Run with --stacktrace option to get the stack trace.
> Run with --info or --debug option to get more log output.
> Run with --scan to get full insights from a Build Scan (powered by Develocity).
> Get more help at https://help.gradle.org.

Deprecated Gradle features were used in this build, making it incompatible with Gradle 10.

You can use '--warning-mode all' to show the individual deprecation warnings and determine if they come from your own scripts or plugins.

For more on this, please refer to https://docs.gradle.org/9.5.1/userguide/command_line_interface.html#sec:command_line_warnings in the Gradle documentation.

BUILD FAILED in 3s
11 actionable tasks: 5 executed, 6 up-to-date
