Type-safe project accessors is an incubating feature.
> Task :api:kmpPartiallyResolvedDependenciesChecker
> Task :api:checkKotlinGradlePluginConfigurationErrors SKIPPED

> Task :api:installProtocGenKt
go: downloading github.com/lyft/protoc-gen-star v0.6.2
go: downloading golang.org/x/text v0.3.7
go: downloading github.com/Masterminds/sprig v2.22.0+incompatible
go: downloading github.com/Masterminds/goutils v1.1.1
go: downloading github.com/Masterminds/semver v1.5.0
go: downloading github.com/google/uuid v1.6.0
go: downloading github.com/huandu/xstrings v1.5.0
go: downloading github.com/imdario/mergo v0.3.16
go: downloading github.com/mitchellh/copystructure v1.2.0
go: downloading golang.org/x/crypto v0.0.0-20210921155107-089bfa567519
go: downloading github.com/golang/protobuf v1.5.2
go: downloading github.com/spf13/afero v1.3.3
go: downloading github.com/mitchellh/reflectwalk v1.0.2
go: downloading google.golang.org/protobuf v1.26.0

> Task :api:generateProto
> Task :api:generateCodegenFixtures
> Task :api:jvmProcessResources NO-SOURCE
> Task :api:processJvmMainResources SKIPPED
> Task :api:jvmTestProcessResources NO-SOURCE
> Task :api:processJvmTestResources SKIPPED
> Task :connector:kmpPartiallyResolvedDependenciesChecker
> Task :connector:checkKotlinGradlePluginConfigurationErrors SKIPPED
> Task :observability-api:kmpPartiallyResolvedDependenciesChecker
> Task :observability-api:checkKotlinGradlePluginConfigurationErrors SKIPPED
> Task :observability-api:generateMonitoringVersion
> Task :observability-api:jvmProcessResources NO-SOURCE
> Task :observability-api:processJvmMainResources SKIPPED
> Task :connector:jvmProcessResources NO-SOURCE
> Task :connector:processJvmMainResources SKIPPED
> Task :server:checkKotlinGradlePluginConfigurationErrors SKIPPED
> Task :sharding-core:checkKotlinGradlePluginConfigurationErrors SKIPPED
> Task :sharding-core:processResources NO-SOURCE
> Task :server:test:checkKotlinGradlePluginConfigurationErrors SKIPPED
> Task :server:test:processResources NO-SOURCE
> Task :connector:jvmTestProcessResources NO-SOURCE
> Task :connector:processJvmTestResources SKIPPED
> Task :sharding-core:processTestResources NO-SOURCE
> Task :keymaster:checkKotlinGradlePluginConfigurationErrors SKIPPED
> Task :keymaster:processResources NO-SOURCE
> Task :keymaster:processTestResources NO-SOURCE
> Task :observability-api:jvmTestProcessResources NO-SOURCE
> Task :observability-api:processJvmTestResources SKIPPED
> Task :observability-connector:kmpPartiallyResolvedDependenciesChecker
> Task :observability-connector:checkKotlinGradlePluginConfigurationErrors SKIPPED
> Task :observability-connector:jvmProcessResources NO-SOURCE
> Task :observability-connector:processJvmMainResources SKIPPED
> Task :observability-connector:jvmTestProcessResources NO-SOURCE
> Task :observability-connector:processJvmTestResources SKIPPED
> Task :observability-server:checkKotlinGradlePluginConfigurationErrors SKIPPED
> Task :observability-server:processResources NO-SOURCE
> Task :observability-server:processTestResources NO-SOURCE
> Task :server:run:checkKotlinGradlePluginConfigurationErrors SKIPPED
> Task :sharding-core:compileKotlin
> Task :sharding-core:compileJava NO-SOURCE
> Task :sharding-core:classes UP-TO-DATE
> Task :observability-api:compileKotlinJvm
> Task :sharding-core:jar
> Task :observability-api:compileJvmMainJava NO-SOURCE
> Task :observability-api:jvmMainClasses
> Task :observability-api:jvmJar

> Task :observability-api:compileTestKotlinJvm
w: file:///Users/mikeroberts/workspace/latenighthack/.worktrees/lockers-review-final-validation/observability-api/src/commonTest/kotlin/com/latenighthack/lockers/observability/TelemetryTest.kt:34:104 The corresponding parameter in the supertype 'LockersTelemetry' is named 'outcome'. This may cause problems when calling this function with named arguments.

> Task :observability-api:compileJvmTestJava NO-SOURCE
> Task :observability-api:jvmTestClasses
> Task :observability-connector:compileKotlinJvm
> Task :sharding-core:compileTestKotlin
> Task :observability-api:jvmTest
> Task :sharding-core:compileTestJava NO-SOURCE
> Task :sharding-core:testClasses UP-TO-DATE
> Task :sharding-core:test
> Task :observability-connector:compileJvmMainJava NO-SOURCE
> Task :observability-connector:jvmMainClasses
> Task :observability-connector:jvmJar
> Task :observability-connector:compileTestKotlinJvm
> Task :observability-connector:compileJvmTestJava NO-SOURCE
> Task :observability-connector:jvmTestClasses
> Task :observability-connector:jvmTest

> Task :api:compileKotlinJvm
w: file:///Users/mikeroberts/workspace/latenighthack/.worktrees/lockers-review-final-validation/api/build/generated/ktproto/kotlin/com/google/protobuf/descriptor.data.kt:81:63 Redundant call of conversion method.
w: file:///Users/mikeroberts/workspace/latenighthack/.worktrees/lockers-review-final-validation/api/build/generated/ktproto/kotlin/com/google/protobuf/descriptor.data.kt:320:67 Redundant call of conversion method.
w: file:///Users/mikeroberts/workspace/latenighthack/.worktrees/lockers-review-final-validation/api/build/generated/ktproto/kotlin/com/google/protobuf/descriptor.data.kt:992:67 Redundant call of conversion method.
w: file:///Users/mikeroberts/workspace/latenighthack/.worktrees/lockers-review-final-validation/api/build/generated/ktproto/kotlin/com/google/protobuf/descriptor.data.kt:2284:93 Redundant call of conversion method.

> Task :api:compileJvmMainJava NO-SOURCE
> Task :api:jvmMainClasses
> Task :api:jvmJar
> Task :api:compileTestKotlinJvm
> Task :api:compileJvmTestJava NO-SOURCE
> Task :api:jvmTestClasses
> Task :api:jvmTest
> Task :server:verifyRuntimeSecurity
> Task :keymaster:compileKotlin
> Task :keymaster:compileJava NO-SOURCE
> Task :keymaster:classes UP-TO-DATE
> Task :keymaster:jar
> Task :keymaster:compileTestKotlin
> Task :keymaster:compileTestJava NO-SOURCE
> Task :keymaster:testClasses UP-TO-DATE
> Task :keymaster:test
> Task :connector:compileKotlinJvm
> Task :connector:compileJvmMainJava NO-SOURCE
> Task :connector:jvmMainClasses
> Task :connector:jvmJar
> Task :server:kspKotlin
> Task :server:processResources NO-SOURCE
> Task :server:compileKotlin
> Task :server:compileJava NO-SOURCE
> Task :server:classes UP-TO-DATE
> Task :server:jar
> Task :server:test:compileKotlin
> Task :server:test:compileJava NO-SOURCE
> Task :server:test:classes UP-TO-DATE
> Task :server:test:jar
> Task :observability-server:compileKotlin
> Task :server:kspTestKotlin SKIPPED
> Task :server:processTestResources NO-SOURCE
> Task :observability-server:compileJava NO-SOURCE
> Task :observability-server:classes UP-TO-DATE
> Task :observability-server:jar
> Task :observability-server:compileTestKotlin
> Task :observability-server:compileTestJava NO-SOURCE
> Task :observability-server:testClasses UP-TO-DATE
> Task :server:run:compileKotlin
> Task :observability-server:test
> Task :connector:compileTestKotlinJvm
> Task :connector:compileJvmTestJava NO-SOURCE
> Task :connector:jvmTestClasses

> Task :server:compileTestKotlin
w: file:///Users/mikeroberts/workspace/latenighthack/.worktrees/lockers-review-final-validation/server/src/test/kotlin/com/latenighthack/lockers/server/claim/ClaimLoadRunner.kt:136:53 Unnecessary safe call on a non-null receiver of type 'PostLockerChangeResponse.Result'.

> Task :connector:jvmTest
> Task :server:compileTestJava NO-SOURCE
> Task :server:testClasses UP-TO-DATE
> Task :server:test

[Incubating] Problems report is available at: file:///Users/mikeroberts/workspace/latenighthack/.worktrees/lockers-review-final-validation/build/reports/problems/problems-report.html

Deprecated Gradle features were used in this build, making it incompatible with Gradle 10.

You can use '--warning-mode all' to show the individual deprecation warnings and determine if they come from your own scripts or plugins.

For more on this, please refer to https://docs.gradle.org/9.5.1/userguide/command_line_interface.html#sec:command_line_warnings in the Gradle documentation.

BUILD SUCCESSFUL in 1m 17s
45 actionable tasks: 45 executed
Consider enabling configuration cache to speed up this build: https://docs.gradle.org/9.5.1/userguide/configuration_cache_enabling.html
