Type-safe project accessors is an incubating feature.
Warning: SDK processing. This version only understands SDK XML versions up to 3 but an SDK XML file of version 4 was encountered. This can happen if you use versions of Android Studio and the command-line tools that were released at different times.
Configuration 'jsNpmAggregated' was resolved during configuration time.
This is a build performance and scalability issue.
See https://github.com/gradle/gradle/issues/2298
Run with --info for a stacktrace.
Configuration 'jsTestNpmAggregated' was resolved during configuration time.
This is a build performance and scalability issue.
See https://github.com/gradle/gradle/issues/2298
Run with --info for a stacktrace.
Configuration 'jsNpmAggregated' was resolved during configuration time.
This is a build performance and scalability issue.
See https://github.com/gradle/gradle/issues/2298
Run with --info for a stacktrace.
Configuration 'jsTestNpmAggregated' was resolved during configuration time.
This is a build performance and scalability issue.
See https://github.com/gradle/gradle/issues/2298
Run with --info for a stacktrace.
Configuration 'jsNpmAggregated' was resolved during configuration time.
This is a build performance and scalability issue.
See https://github.com/gradle/gradle/issues/2298
Run with --info for a stacktrace.
Configuration 'jsTestNpmAggregated' was resolved during configuration time.
This is a build performance and scalability issue.
See https://github.com/gradle/gradle/issues/2298
Run with --info for a stacktrace.
Configuration 'jsNpmAggregated' was resolved during configuration time.
This is a build performance and scalability issue.
See https://github.com/gradle/gradle/issues/2298
Run with --info for a stacktrace.
Configuration 'jsTestNpmAggregated' was resolved during configuration time.
This is a build performance and scalability issue.
See https://github.com/gradle/gradle/issues/2298
Run with --info for a stacktrace.
Build was configured to prefer settings repositories over project repositories but repository 'Distributions at https://nodejs.org/dist' was added by unknown code
Build was configured to prefer settings repositories over project repositories but repository 'Distributions at https://github.com/yarnpkg/yarn/releases/download' was added by unknown code
Build was configured to prefer settings repositories over project repositories but repository 'Distributions at https://nodejs.org/dist' was added by unknown code
> Task :api:kmpPartiallyResolvedDependenciesChecker
> Task :api:checkKotlinGradlePluginConfigurationErrors SKIPPED
> Task :api:preBuild UP-TO-DATE
> Task :api:preDebugBuild UP-TO-DATE
> Task :api:generateDebugResValues UP-TO-DATE
> Task :api:generateDebugResources UP-TO-DATE
> Task :api:packageDebugResources UP-TO-DATE
> Task :api:processDebugNavigationResources UP-TO-DATE
> Task :api:parseDebugLocalResources UP-TO-DATE
> Task :api:generateDebugRFile UP-TO-DATE
> Task :api:installProtocGenKt UP-TO-DATE
> Task :api:generateProto UP-TO-DATE
> Task :api:compileDebugKotlinAndroid UP-TO-DATE
> Task :api:javaPreCompileDebug UP-TO-DATE
> Task :api:compileDebugJavaWithJavac NO-SOURCE
> Task :api:bundleLibCompileToJarDebug UP-TO-DATE
> Task :connector:kmpPartiallyResolvedDependenciesChecker
> Task :connector:checkKotlinGradlePluginConfigurationErrors SKIPPED
> Task :connector:preBuild UP-TO-DATE
> Task :connector:preDebugBuild UP-TO-DATE
> Task :connector:generateDebugResValues UP-TO-DATE
> Task :connector:generateDebugResources UP-TO-DATE
> Task :connector:packageDebugResources UP-TO-DATE
> Task :connector:processDebugNavigationResources UP-TO-DATE
> Task :connector:parseDebugLocalResources UP-TO-DATE
> Task :connector:generateDebugRFile UP-TO-DATE
> Task :observability-api:kmpPartiallyResolvedDependenciesChecker
> Task :observability-api:checkKotlinGradlePluginConfigurationErrors SKIPPED
> Task :observability-api:preBuild UP-TO-DATE
> Task :observability-api:preDebugBuild UP-TO-DATE
> Task :observability-api:generateDebugResValues UP-TO-DATE
> Task :observability-api:generateDebugResources UP-TO-DATE
> Task :observability-api:packageDebugResources UP-TO-DATE
> Task :observability-api:processDebugNavigationResources UP-TO-DATE
> Task :observability-api:parseDebugLocalResources UP-TO-DATE
> Task :observability-api:generateDebugRFile UP-TO-DATE
> Task :observability-api:generateMonitoringVersion UP-TO-DATE
> Task :observability-api:compileDebugKotlinAndroid UP-TO-DATE
> Task :observability-api:javaPreCompileDebug UP-TO-DATE
> Task :observability-api:compileDebugJavaWithJavac NO-SOURCE
> Task :observability-api:bundleLibCompileToJarDebug UP-TO-DATE
> Task :kotlinKotlinNpmCachesSetup
> Task :kotlinNodeJsSetup UP-TO-DATE
> Task :kotlinRestoreYarnLock UP-TO-DATE
> Task :kotlinYarnSetup UP-TO-DATE
> Task :api:jsPackageJson UP-TO-DATE
> Task :api:jsTestPackageJson UP-TO-DATE
> Task :observability-api:jsPackageJson UP-TO-DATE
> Task :connector:jsPackageJson UP-TO-DATE
> Task :connector:jsTestPackageJson UP-TO-DATE
> Task :observability-api:jsTestPackageJson UP-TO-DATE
> Task :observability-connector:jsPackageJson UP-TO-DATE
> Task :observability-connector:jsTestPackageJson UP-TO-DATE
> Task :api:jsPublicPackageJson UP-TO-DATE
> Task :api:jsTestPublicPackageJson UP-TO-DATE
> Task :connector:jsPublicPackageJson UP-TO-DATE
> Task :connector:jsTestPublicPackageJson UP-TO-DATE
> Task :observability-api:jsPublicPackageJson UP-TO-DATE
> Task :observability-api:jsTestPublicPackageJson UP-TO-DATE
> Task :observability-connector:jsPublicPackageJson UP-TO-DATE
> Task :observability-connector:jsTestPublicPackageJson UP-TO-DATE
> Task :kotlinPackageJsonUmbrella UP-TO-DATE
> Task :rootPackageJson UP-TO-DATE
> Task :kotlinNpmInstall UP-TO-DATE
> Task :kotlinStoreYarnLock UP-TO-DATE
> Task :api:compileKotlinJs UP-TO-DATE
> Task :observability-api:compileKotlinJs UP-TO-DATE
> Task :connector:jsProcessResources NO-SOURCE
> Task :connector:jsTestProcessResources NO-SOURCE
> Task :connector:kotlinNodeJsSetup UP-TO-DATE
> Task :api:downloadKotlinNativeDistribution UP-TO-DATE
> Task :api:compileKotlinIosSimulatorArm64 UP-TO-DATE
> Task :connector:downloadKotlinNativeDistribution UP-TO-DATE
> Task :observability-api:downloadKotlinNativeDistribution UP-TO-DATE
> Task :observability-api:compileKotlinIosSimulatorArm64 UP-TO-DATE

> Task :connector:compileKotlinJs
w: file:///Users/mikeroberts/workspace/latenighthack/.worktrees/lockers-review-connector-integration/connector/src/commonMain/kotlin/com/latenighthack/lockers/connector/LockerClient.kt:594:76 Elvis operator (?:) always returns the left operand of non-nullable type 'Long'.
w: file:///Users/mikeroberts/workspace/latenighthack/.worktrees/lockers-review-connector-integration/connector/src/commonMain/kotlin/com/latenighthack/lockers/connector/LockerClient.kt:783:68 Unnecessary non-null assertion (!!) on a non-null receiver of type 'Locker'.
w: file:///Users/mikeroberts/workspace/latenighthack/.worktrees/lockers-review-connector-integration/connector/src/commonMain/kotlin/com/latenighthack/lockers/connector/LockerClient.kt:1498:48 Unnecessary safe call on a non-null receiver of type 'RoomId'.
w: file:///Users/mikeroberts/workspace/latenighthack/.worktrees/lockers-review-connector-integration/connector/src/commonMain/kotlin/com/latenighthack/lockers/connector/StreamConnectionState.kt:18:105 This class or interface requires opt-in to be implemented: Inheriting from this kotlinx.coroutines API is unstable. Either new methods may be added in the future, which would break the inheritance, or correctly inheriting from it requires fulfilling contracts that may change in the future.

> Task :connector:compileDebugKotlinAndroid
w: file:///Users/mikeroberts/workspace/latenighthack/.worktrees/lockers-review-connector-integration/connector/src/commonMain/kotlin/com/latenighthack/lockers/connector/LockerClient.kt:594:76 Elvis operator (?:) always returns the left operand of non-nullable type 'Long'.
w: file:///Users/mikeroberts/workspace/latenighthack/.worktrees/lockers-review-connector-integration/connector/src/commonMain/kotlin/com/latenighthack/lockers/connector/LockerClient.kt:783:68 Unnecessary non-null assertion (!!) on a non-null receiver of type 'Locker'.
w: file:///Users/mikeroberts/workspace/latenighthack/.worktrees/lockers-review-connector-integration/connector/src/commonMain/kotlin/com/latenighthack/lockers/connector/LockerClient.kt:1498:48 Unnecessary safe call on a non-null receiver of type 'RoomId'.
w: file:///Users/mikeroberts/workspace/latenighthack/.worktrees/lockers-review-connector-integration/connector/src/commonMain/kotlin/com/latenighthack/lockers/connector/StreamConnectionState.kt:18:105 This class or interface requires opt-in to be implemented: Inheriting from this kotlinx.coroutines API is unstable. Either new methods may be added in the future, which would break the inheritance, or correctly inheriting from it requires fulfilling contracts that may change in the future.

> Task :connector:compileKotlinIosSimulatorArm64
w: file:///Users/mikeroberts/workspace/latenighthack/.worktrees/lockers-review-connector-integration/connector/src/commonMain/kotlin/com/latenighthack/lockers/connector/LockerClient.kt:594:76 Elvis operator (?:) always returns the left operand of non-nullable type 'Long'.
w: file:///Users/mikeroberts/workspace/latenighthack/.worktrees/lockers-review-connector-integration/connector/src/commonMain/kotlin/com/latenighthack/lockers/connector/LockerClient.kt:783:68 Unnecessary non-null assertion (!!) on a non-null receiver of type 'Locker'.
w: file:///Users/mikeroberts/workspace/latenighthack/.worktrees/lockers-review-connector-integration/connector/src/commonMain/kotlin/com/latenighthack/lockers/connector/LockerClient.kt:1498:48 Unnecessary safe call on a non-null receiver of type 'RoomId'.
w: file:///Users/mikeroberts/workspace/latenighthack/.worktrees/lockers-review-connector-integration/connector/src/commonMain/kotlin/com/latenighthack/lockers/connector/StreamConnectionState.kt:18:105 This class or interface requires opt-in to be implemented: Inheriting from this kotlinx.coroutines API is unstable. Either new methods may be added in the future, which would break the inheritance, or correctly inheriting from it requires fulfilling contracts that may change in the future.

> Task :connector:jsMainClasses
> Task :connector:iosSimulatorArm64ProcessResources NO-SOURCE
> Task :connector:iosSimulatorArm64MainKlibrary
> Task :connector:compileTestKotlinJs
> Task :connector:compileTestKotlinIosSimulatorArm64
> Task :connector:jsTestClasses
> Task :connector:compileTestDevelopmentExecutableKotlinJs

> Task :connector:linkDebugTestIosSimulatorArm64
warning: /Users/runner/work/ktcrypto/ktcrypto/library/build/swiftklib/KtCrypto/iosSimulatorArm64/swiftBuild/.build/arm64-apple-macosx/release/ModuleCache/3KEURXHTBV2EJ/Foundation-26APARFLUI2TQ.pcm: No such file or directory
note: while processing /Users/runner/work/ktcrypto/ktcrypto/library/build/swiftklib/KtCrypto/iosSimulatorArm64/swiftBuild/.build/arm64-apple-macosx/release/ModuleCache/3KEURXHTBV2EJ/Foundation-26APARFLUI2TQ.pcm
note: Linking a static library that was built with -gmodules, but the module cache was not found.  Redistributable static libraries should never be built with module debugging enabled.  The debug experience will be degraded due to incomplete debug information.
warning: /Users/runner/work/ktcrypto/ktcrypto/library/build/swiftklib/KtCrypto/iosSimulatorArm64/swiftBuild/.build/arm64-apple-macosx/release/ModuleCache/3KEURXHTBV2EJ/_SwiftConcurrencyShims-1O6J4FRGOX9K.pcm: No such file or directory
note: while processing /Users/runner/work/ktcrypto/ktcrypto/library/build/swiftklib/KtCrypto/iosSimulatorArm64/swiftBuild/.build/arm64-apple-macosx/release/ModuleCache/3KEURXHTBV2EJ/_SwiftConcurrencyShims-1O6J4FRGOX9K.pcm

> Task :connector:jsTestTestDevelopmentExecutableCompileSync
> Task :connector:jsNodeTest
> Task :connector:iosSimulatorArm64Test

[Incubating] Problems report is available at: file:///Users/mikeroberts/workspace/latenighthack/.worktrees/lockers-review-connector-integration/build/reports/problems/problems-report.html

Deprecated Gradle features were used in this build, making it incompatible with Gradle 10.

You can use '--warning-mode all' to show the individual deprecation warnings and determine if they come from your own scripts or plugins.

For more on this, please refer to https://docs.gradle.org/9.5.1/userguide/command_line_interface.html#sec:command_line_warnings in the Gradle documentation.

BUILD SUCCESSFUL in 35s
71 actionable tasks: 14 executed, 57 up-to-date
Consider enabling configuration cache to speed up this build: https://docs.gradle.org/9.5.1/userguide/configuration_cache_enabling.html
