Starting a Gradle Daemon, 3 busy and 2 incompatible and 36 stopped Daemons could not be reused, use --status for details
Type-safe project accessors is an incubating feature.
> Task :api:kmpPartiallyResolvedDependenciesChecker
> Task :api:checkKotlinGradlePluginConfigurationErrors SKIPPED
> Task :api:installProtocGenKt UP-TO-DATE
> Task :api:generateProto UP-TO-DATE
> Task :api:compileKotlinJvm UP-TO-DATE
> Task :api:compileJvmMainJava NO-SOURCE
> Task :api:jvmProcessResources NO-SOURCE
> Task :api:processJvmMainResources SKIPPED
> Task :api:jvmMainClasses UP-TO-DATE
> Task :api:jvmJar UP-TO-DATE
> Task :observability-api:kmpPartiallyResolvedDependenciesChecker
> Task :observability-api:checkKotlinGradlePluginConfigurationErrors SKIPPED
> Task :observability-api:generateMonitoringVersion UP-TO-DATE
> Task :observability-api:compileKotlinJvm UP-TO-DATE
> Task :observability-api:compileJvmMainJava NO-SOURCE
> Task :observability-api:jvmProcessResources NO-SOURCE
> Task :observability-api:processJvmMainResources SKIPPED
> Task :observability-api:jvmMainClasses UP-TO-DATE
> Task :observability-api:jvmJar UP-TO-DATE
> Task :server:checkKotlinGradlePluginConfigurationErrors SKIPPED
> Task :sharding-core:checkKotlinGradlePluginConfigurationErrors SKIPPED
> Task :sharding-core:compileKotlin UP-TO-DATE
> Task :sharding-core:compileJava NO-SOURCE
> Task :sharding-core:processResources NO-SOURCE
> Task :sharding-core:classes UP-TO-DATE
> Task :sharding-core:jar UP-TO-DATE
> Task :connector:kmpPartiallyResolvedDependenciesChecker
> Task :connector:checkKotlinGradlePluginConfigurationErrors SKIPPED
> Task :connector:jvmProcessResources NO-SOURCE
> Task :connector:processJvmMainResources SKIPPED
> Task :server:test:checkKotlinGradlePluginConfigurationErrors SKIPPED
> Task :server:test:processResources NO-SOURCE
> Task :connector:jvmTestProcessResources NO-SOURCE
> Task :connector:processJvmTestResources SKIPPED

> Task :connector:compileKotlinJvm
w: file:///Users/mikeroberts/workspace/latenighthack/.worktrees/lockers-review-burndown/connector/src/commonMain/kotlin/com/latenighthack/lockers/connector/LockerClient.kt:549:76 Elvis operator (?:) always returns the left operand of non-nullable type 'Long'.
w: file:///Users/mikeroberts/workspace/latenighthack/.worktrees/lockers-review-burndown/connector/src/commonMain/kotlin/com/latenighthack/lockers/connector/LockerClient.kt:738:68 Unnecessary non-null assertion (!!) on a non-null receiver of type 'Locker'.
w: file:///Users/mikeroberts/workspace/latenighthack/.worktrees/lockers-review-burndown/connector/src/commonMain/kotlin/com/latenighthack/lockers/connector/LockerClient.kt:1395:48 Unnecessary safe call on a non-null receiver of type 'RoomId'.
w: file:///Users/mikeroberts/workspace/latenighthack/.worktrees/lockers-review-burndown/connector/src/commonMain/kotlin/com/latenighthack/lockers/connector/StreamConnectionState.kt:18:105 This class or interface requires opt-in to be implemented: Inheriting from this kotlinx.coroutines API is unstable. Either new methods may be added in the future, which would break the inheritance, or correctly inheriting from it requires fulfilling contracts that may change in the future.

> Task :connector:compileJvmMainJava NO-SOURCE
> Task :connector:jvmMainClasses
> Task :connector:jvmJar
> Task :server:kspKotlin
> Task :server:processResources NO-SOURCE
> Task :server:compileKotlin
> Task :server:compileJava NO-SOURCE
> Task :server:classes UP-TO-DATE
> Task :server:jar
> Task :server:test:compileKotlin
> Task :server:test:compileJava NO-SOURCE
> Task :server:test:classes UP-TO-DATE
> Task :server:test:jar
> Task :server:kspTestKotlin SKIPPED
> Task :server:processTestResources NO-SOURCE
> Task :server:compileTestKotlin
> Task :server:compileTestJava NO-SOURCE
> Task :server:testClasses UP-TO-DATE

> Task :connector:compileTestKotlinJvm
w: file:///Users/mikeroberts/workspace/latenighthack/.worktrees/lockers-review-burndown/connector/src/jvmTest/kotlin/com/latenighthack/lockers/connector/test/OwnedTestFixtureTests.kt:47:31 Unnecessary non-null assertion (!!) on a non-null receiver of type 'LockersClient'.
w: file:///Users/mikeroberts/workspace/latenighthack/.worktrees/lockers-review-burndown/connector/src/jvmTest/kotlin/com/latenighthack/lockers/connector/test/ReviewAuthorityV2Tests.kt:56:107 Unnecessary non-null assertion (!!) on a non-null receiver of type 'UnlockLockerRequest'.
w: file:///Users/mikeroberts/workspace/latenighthack/.worktrees/lockers-review-burndown/connector/src/jvmTest/kotlin/com/latenighthack/lockers/connector/test/ReviewConnectorTests.kt:56:87 Unnecessary non-null assertion (!!) on a non-null receiver of type 'Secp256r1KeyPair'.
w: file:///Users/mikeroberts/workspace/latenighthack/.worktrees/lockers-review-burndown/connector/src/jvmTest/kotlin/com/latenighthack/lockers/connector/test/ReviewConnectorTests.kt:90:129 Unnecessary non-null assertion (!!) on a non-null receiver of type 'Secp256r1KeyPair'.
w: file:///Users/mikeroberts/workspace/latenighthack/.worktrees/lockers-review-burndown/connector/src/jvmTest/kotlin/com/latenighthack/lockers/connector/test/ReviewExpiredRatchetTests.kt:130:42 Unnecessary non-null assertion (!!) on a non-null receiver of type 'PostLockerChangeRequest'.
w: file:///Users/mikeroberts/workspace/latenighthack/.worktrees/lockers-review-burndown/connector/src/jvmTest/kotlin/com/latenighthack/lockers/connector/test/ReviewRatchetAdoptionTests.kt:20:75 Unnecessary non-null assertion (!!) on a non-null receiver of type 'PostLockerChangeRequest'.

> Task :server:test
> Task :connector:compileJvmTestJava NO-SOURCE
> Task :connector:jvmTestClasses
> Task :connector:jvmTest

[Incubating] Problems report is available at: file:///Users/mikeroberts/workspace/latenighthack/.worktrees/lockers-review-burndown/build/reports/problems/problems-report.html

Deprecated Gradle features were used in this build, making it incompatible with Gradle 10.

You can use '--warning-mode all' to show the individual deprecation warnings and determine if they come from your own scripts or plugins.

For more on this, please refer to https://docs.gradle.org/9.5.1/userguide/command_line_interface.html#sec:command_line_warnings in the Gradle documentation.

BUILD SUCCESSFUL in 20s
23 actionable tasks: 14 executed, 9 up-to-date
Consider enabling configuration cache to speed up this build: https://docs.gradle.org/9.5.1/userguide/configuration_cache_enabling.html
